[20-05-2024 14:19:33]: [START]: Es wurden 549 Haeuser gefunden und 0 Besitzer enteignet.
[20-05-2024 14:25:18]: [START]: Es wurden 549 Haeuser gefunden und 0 Besitzer enteignet.
[22-05-2024 17:21:04]: [START]: Es wurden 549 Haeuser gefunden und 0 Besitzer enteignet.
[22-05-2024 17:21:54]: [START]: Es wurden 549 Haeuser gefunden und 0 Besitzer enteignet.
[22-05-2024 17:38:17]: [START]: Es wurden 549 Haeuser gefunden und 0 Besitzer enteignet.
[22-05-2024 17:49:20]: [START]: Es wurden 549 Haeuser gefunden und 0 Besitzer enteignet.
[22-05-2024 17:53:09]: [START]: Es wurden 549 Haeuser gefunden und 0 Besitzer enteignet.
[22-05-2024 17:57:06]: [START]: Es wurden 549 Haeuser gefunden und 0 Besitzer enteignet.
[22-05-2024 19:08:07]: [START]: Es wurden 549 Haeuser gefunden und 0 Besitzer enteignet.
[22-05-2024 19:37:04]: [START]: Es wurden 549 Haeuser gefunden und 0 Besitzer enteignet.
[22-05-2024 19:42:60]: [START]: Es wurden 549 Haeuser gefunden und 0 Besitzer enteignet.
[22-05-2024 19:47:32]: [START]: Es wurden 549 Haeuser gefunden und 0 Besitzer enteignet.
[23-05-2024 04:08:46]: [START]: Es wurden 549 Haeuser gefunden und 0 Besitzer enteignet.
[23-05-2024 04:18:35]: [START]: Es wurden 549 Haeuser gefunden und 0 Besitzer enteignet.
[23-05-2024 06:08:27]: [START]: Es wurden 549 Haeuser gefunden und 0 Besitzer enteignet.
[23-05-2024 15:41:56]: [START]: Es wurden 549 Haeuser gefunden und 0 Besitzer enteignet.
[23-05-2024 16:09:43]: [START]: Es wurden 549 Haeuser gefunden und 0 Besitzer enteignet.
[23-05-2024 16:17:57]: [START]: Es wurden 549 Haeuser gefunden und 0 Besitzer enteignet.
[23-05-2024 16:20:36]: [START]: Es wurden 549 Haeuser gefunden und 0 Besitzer enteignet.
[23-05-2024 16:25:47]: [START]: Es wurden 549 Haeuser gefunden und 0 Besitzer enteignet.
[23-05-2024 16:37:34]: [BUY]: Das Haus (ID 512) wurde von Grilkh fuer 31500$ per Bank erworben.
[23-05-2024 16:39:48]: [LOCK]: Grilkh hat sein Haus (ID: 512) aufgeschlossen!
[23-05-2024 16:39:54]: [IN]: Grilkh hat ein Haus (ID: 512) betreten!
[23-05-2024 16:40:15]: [OUT]: Grilkh hat ein Haus (ID: 512) verlassen!
[23-05-2024 16:40:18]: [LOCK]: Grilkh hat sein Haus (ID: 512) abgeschlossen!
[23-05-2024 16:43:08]: [LOCK]: Grilkh hat sein Haus (ID: 512) aufgeschlossen!
[23-05-2024 16:43:13]: [LOCK]: Grilkh hat sein Haus (ID: 512) abgeschlossen!
[23-05-2024 16:45:04]: [IN]: Grilkh hat ein Haus (ID: 512) betreten!
[23-05-2024 16:45:12]: [EAT]: Grilkh hat in einem Haus gegessen.
[23-05-2024 16:45:20]: [OUT]: Grilkh hat ein Haus (ID: 512) verlassen!
[23-05-2024 17:52:50]: [START]: Es wurden 549 Haeuser gefunden und 0 Besitzer enteignet.
[23-05-2024 17:57:14]: [START]: Es wurden 549 Haeuser gefunden und 0 Besitzer enteignet.
[23-05-2024 17:58:05]: [START]: Es wurden 549 Haeuser gefunden und 0 Besitzer enteignet.
[23-05-2024 18:04:02]: [START]: Es wurden 549 Haeuser gefunden und 0 Besitzer enteignet.
[24-05-2024 13:32:20]: [START]: Es wurden 549 Haeuser gefunden und 0 Besitzer enteignet.
[24-05-2024 13:47:28]: [START]: Es wurden 549 Haeuser gefunden und 0 Besitzer enteignet.
[24-05-2024 14:02:24]: [START]: Es wurden 549 Haeuser gefunden und 0 Besitzer enteignet.
[24-05-2024 14:06:11]: [START]: Es wurden 549 Haeuser gefunden und 0 Besitzer enteignet.
[24-05-2024 14:11:47]: [START]: Es wurden 549 Haeuser gefunden und 0 Besitzer enteignet.
[24-05-2024 14:24:32]: [START]: Es wurden 549 Haeuser gefunden und 0 Besitzer enteignet.
[28-05-2024 17:21:14]: [START]: Es wurden 549 Haeuser gefunden und 0 Besitzer enteignet.
[28-05-2024 17:27:18]: [START]: Es wurden 549 Haeuser gefunden und 0 Besitzer enteignet.
[28-05-2024 17:45:11]: [START]: Es wurden 549 Haeuser gefunden und 0 Besitzer enteignet.
[28-05-2024 18:08:48]: [START]: Es wurden 549 Haeuser gefunden und 0 Besitzer enteignet.
[28-05-2024 18:10:40]: [START]: Es wurden 549 Haeuser gefunden und 0 Besitzer enteignet.
[29-05-2024 09:27:15]: [START]: Es wurden 549 Haeuser gefunden und 0 Besitzer enteignet.
[29-05-2024 11:54:60]: [START]: Es wurden 549 Haeuser gefunden und 0 Besitzer enteignet.
[29-05-2024 11:58:59]: [START]: Es wurden 549 Haeuser gefunden und 0 Besitzer enteignet.
[29-05-2024 12:04:24]: [START]: Es wurden 549 Haeuser gefunden und 0 Besitzer enteignet.
[29-05-2024 12:12:07]: [START]: Es wurden 549 Haeuser gefunden und 0 Besitzer enteignet.
[29-05-2024 12:16:11]: [START]: Es wurden 549 Haeuser gefunden und 0 Besitzer enteignet.
[29-05-2024 12:23:52]: [START]: Es wurden 549 Haeuser gefunden und 0 Besitzer enteignet.
[29-05-2024 12:24:30]: [START]: Es wurden 549 Haeuser gefunden und 0 Besitzer enteignet.
[29-05-2024 16:33:42]: [START]: Es wurden 549 Haeuser gefunden und 0 Besitzer enteignet.
[29-05-2024 16:41:36]: [START]: Es wurden 549 Haeuser gefunden und 0 Besitzer enteignet.
[30-05-2024 07:09:10]: [START]: Es wurden 549 Haeuser gefunden und 0 Besitzer enteignet.
[30-05-2024 07:23:04]: [START]: Es wurden 549 Haeuser gefunden und 0 Besitzer enteignet.
[30-05-2024 08:20:35]: [START]: Es wurden 549 Haeuser gefunden und 0 Besitzer enteignet.
[30-05-2024 08:31:20]: [START]: Es wurden 549 Haeuser gefunden und 0 Besitzer enteignet.
[30-05-2024 08:34:18]: [START]: Es wurden 549 Haeuser gefunden und 0 Besitzer enteignet.
[30-05-2024 08:37:11]: [START]: Es wurden 549 Haeuser gefunden und 0 Besitzer enteignet.
[30-05-2024 08:37:36]: [START]: Es wurden 549 Haeuser gefunden und 0 Besitzer enteignet.
[30-05-2024 08:40:37]: [START]: Es wurden 549 Haeuser gefunden und 0 Besitzer enteignet.
[30-05-2024 08:47:03]: [START]: Es wurden 549 Haeuser gefunden und 0 Besitzer enteignet.
[30-05-2024 08:48:17]: [START]: Es wurden 549 Haeuser gefunden und 0 Besitzer enteignet.
[02-11-2024 05:18:23]: [START]: Hausbesitzer Grilkh wurde enteignet. (ID: 512)
[02-11-2024 05:18:23]: [START]: Es wurden 549 Haeuser gefunden und 1 Besitzer enteignet.
[02-11-2024 05:33:36]: [START]: Es wurden 549 Haeuser gefunden und 0 Besitzer enteignet.
[02-11-2024 05:35:49]: [START]: Es wurden 549 Haeuser gefunden und 0 Besitzer enteignet.
[02-11-2024 05:48:51]: [START]: Es wurden 549 Haeuser gefunden und 0 Besitzer enteignet.
[02-11-2024 05:59:08]: [START]: Es wurden 549 Haeuser gefunden und 0 Besitzer enteignet.
[02-11-2024 06:03:24]: [START]: Es wurden 549 Haeuser gefunden und 0 Besitzer enteignet.
[02-11-2024 07:39:18]: [START]: Es wurden 549 Haeuser gefunden und 0 Besitzer enteignet.
[02-11-2024 07:42:45]: [START]: Es wurden 549 Haeuser gefunden und 0 Besitzer enteignet.
[02-11-2024 07:47:26]: [START]: Es wurden 549 Haeuser gefunden und 0 Besitzer enteignet.
[02-11-2024 07:47:55]: [START]: Es wurden 549 Haeuser gefunden und 0 Besitzer enteignet.
[02-11-2024 08:02:32]: [START]: Es wurden 549 Haeuser gefunden und 0 Besitzer enteignet.
[02-11-2024 08:03:03]: [START]: Es wurden 549 Haeuser gefunden und 0 Besitzer enteignet.
[02-11-2024 08:18:24]: [START]: Es wurden 549 Haeuser gefunden und 0 Besitzer enteignet.
[02-11-2024 08:23:56]: [START]: Es wurden 549 Haeuser gefunden und 0 Besitzer enteignet.
[02-11-2024 08:24:57]: [START]: Es wurden 549 Haeuser gefunden und 0 Besitzer enteignet.
[02-11-2024 08:26:52]: [START]: Es wurden 549 Haeuser gefunden und 0 Besitzer enteignet.
[02-11-2024 08:45:02]: [START]: Es wurden 549 Haeuser gefunden und 0 Besitzer enteignet.
[02-11-2024 08:51:22]: [START]: Es wurden 549 Haeuser gefunden und 0 Besitzer enteignet.
[02-11-2024 09:27:60]: [START]: Es wurden 549 Haeuser gefunden und 0 Besitzer enteignet.
[02-11-2024 09:39:44]: [START]: Es wurden 549 Haeuser gefunden und 0 Besitzer enteignet.
[02-11-2024 09:46:60]: [START]: Es wurden 549 Haeuser gefunden und 0 Besitzer enteignet.
[02-11-2024 09:50:14]: [START]: Es wurden 549 Haeuser gefunden und 0 Besitzer enteignet.
[02-11-2024 09:51:49]: [START]: Es wurden 549 Haeuser gefunden und 0 Besitzer enteignet.
[02-11-2024 10:07:15]: [START]: Es wurden 549 Haeuser gefunden und 0 Besitzer enteignet.
[02-11-2024 10:09:20]: [START]: Es wurden 549 Haeuser gefunden und 0 Besitzer enteignet.
[02-11-2024 14:35:38]: [START]: Es wurden 549 Haeuser gefunden und 0 Besitzer enteignet.
[02-11-2024 15:00:36]: [START]: Es wurden 549 Haeuser gefunden und 0 Besitzer enteignet.
[02-11-2024 15:16:14]: [START]: Es wurden 549 Haeuser gefunden und 0 Besitzer enteignet.
[02-11-2024 15:19:22]: [START]: Es wurden 549 Haeuser gefunden und 0 Besitzer enteignet.
[02-11-2024 15:23:13]: [START]: Es wurden 549 Haeuser gefunden und 0 Besitzer enteignet.
[02-11-2024 15:34:13]: [START]: Es wurden 549 Haeuser gefunden und 0 Besitzer enteignet.
[02-11-2024 17:21:28]: [START]: Es wurden 549 Haeuser gefunden und 0 Besitzer enteignet.
[02-11-2024 18:06:27]: [START]: Es wurden 549 Haeuser gefunden und 0 Besitzer enteignet.
[02-11-2024 18:09:36]: [START]: Es wurden 549 Haeuser gefunden und 0 Besitzer enteignet.
[02-11-2024 18:15:38]: [START]: Es wurden 549 Haeuser gefunden und 0 Besitzer enteignet.
[02-11-2024 18:19:59]: [START]: Es wurden 549 Haeuser gefunden und 0 Besitzer enteignet.
[02-11-2024 18:21:39]: [START]: Es wurden 549 Haeuser gefunden und 0 Besitzer enteignet.
[02-11-2024 18:29:42]: [START]: Es wurden 549 Haeuser gefunden und 0 Besitzer enteignet.
[02-11-2024 18:32:24]: [START]: Es wurden 549 Haeuser gefunden und 0 Besitzer enteignet.
[02-11-2024 18:43:01]: [START]: Es wurden 549 Haeuser gefunden und 0 Besitzer enteignet.
[02-11-2024 18:44:22]: [START]: Es wurden 549 Haeuser gefunden und 0 Besitzer enteignet.
[02-11-2024 18:47:41]: [START]: Es wurden 549 Haeuser gefunden und 0 Besitzer enteignet.
[03-11-2024 05:36:15]: [START]: Es wurden 549 Haeuser gefunden und 0 Besitzer enteignet.
[03-11-2024 05:49:49]: [START]: Es wurden 549 Haeuser gefunden und 0 Besitzer enteignet.
[03-11-2024 05:59:05]: [START]: Es wurden 549 Haeuser gefunden und 0 Besitzer enteignet.
[03-11-2024 06:05:18]: [START]: Es wurden 549 Haeuser gefunden und 0 Besitzer enteignet.
[03-11-2024 06:19:22]: [START]: Es wurden 549 Haeuser gefunden und 0 Besitzer enteignet.
[03-11-2024 06:23:06]: [START]: Es wurden 549 Haeuser gefunden und 0 Besitzer enteignet.
[03-11-2024 06:31:21]: [START]: Es wurden 549 Haeuser gefunden und 0 Besitzer enteignet.
[03-11-2024 08:06:48]: [START]: Es wurden 549 Haeuser gefunden und 0 Besitzer enteignet.
[03-11-2024 08:13:02]: [START]: Es wurden 549 Haeuser gefunden und 0 Besitzer enteignet.
[03-11-2024 09:18:33]: [START]: Es wurden 549 Haeuser gefunden und 0 Besitzer enteignet.
[03-11-2024 09:22:60]: [START]: Es wurden 549 Haeuser gefunden und 0 Besitzer enteignet.
[03-11-2024 09:36:36]: [START]: Es wurden 549 Haeuser gefunden und 0 Besitzer enteignet.
[03-11-2024 09:38:56]: [START]: Es wurden 549 Haeuser gefunden und 0 Besitzer enteignet.
[03-11-2024 09:42:14]: [START]: Es wurden 549 Haeuser gefunden und 0 Besitzer enteignet.
[03-11-2024 09:47:34]: [START]: Es wurden 549 Haeuser gefunden und 0 Besitzer enteignet.
[03-11-2024 09:57:37]: [START]: Es wurden 549 Haeuser gefunden und 0 Besitzer enteignet.
[03-11-2024 10:04:54]: [START]: Es wurden 549 Haeuser gefunden und 0 Besitzer enteignet.
[03-11-2024 12:26:59]: [START]: Es wurden 549 Haeuser gefunden und 0 Besitzer enteignet.
[05-11-2024 05:10:55]: [START]: Es wurden 549 Haeuser gefunden und 0 Besitzer enteignet.
[05-11-2024 06:48:41]: [START]: Es wurden 549 Haeuser gefunden und 0 Besitzer enteignet.
[05-11-2024 07:04:57]: [START]: Es wurden 549 Haeuser gefunden und 0 Besitzer enteignet.
[05-11-2024 07:10:52]: [START]: Es wurden 549 Haeuser gefunden und 0 Besitzer enteignet.
[05-11-2024 07:14:44]: [START]: Es wurden 549 Haeuser gefunden und 0 Besitzer enteignet.
[05-11-2024 07:16:22]: [START]: Es wurden 549 Haeuser gefunden und 0 Besitzer enteignet.
[05-11-2024 07:17:13]: [START]: Es wurden 549 Haeuser gefunden und 0 Besitzer enteignet.
[06-11-2024 04:00:15]: [START]: Es wurden 549 Haeuser gefunden und 0 Besitzer enteignet.
[06-11-2024 04:01:06]: [START]: Es wurden 549 Haeuser gefunden und 0 Besitzer enteignet.
[07-11-2024 04:00:53]: [START]: Es wurden 549 Haeuser gefunden und 0 Besitzer enteignet.
[08-11-2024 04:00:41]: [START]: Es wurden 549 Haeuser gefunden und 0 Besitzer enteignet.
[09-11-2024 04:00:29]: [START]: Es wurden 549 Haeuser gefunden und 0 Besitzer enteignet.
[10-11-2024 04:00:16]: [START]: Es wurden 549 Haeuser gefunden und 0 Besitzer enteignet.
[10-11-2024 04:01:08]: [START]: Es wurden 549 Haeuser gefunden und 0 Besitzer enteignet.
[11-11-2024 04:00:55]: [START]: Es wurden 549 Haeuser gefunden und 0 Besitzer enteignet.
[12-11-2024 04:00:43]: [START]: Es wurden 549 Haeuser gefunden und 0 Besitzer enteignet.
[13-11-2024 04:00:31]: [START]: Es wurden 549 Haeuser gefunden und 0 Besitzer enteignet.
[14-11-2024 04:00:19]: [START]: Es wurden 549 Haeuser gefunden und 0 Besitzer enteignet.
[14-11-2024 04:01:10]: [START]: Es wurden 549 Haeuser gefunden und 0 Besitzer enteignet.
[15-11-2024 04:00:58]: [START]: Es wurden 549 Haeuser gefunden und 0 Besitzer enteignet.
[16-11-2024 04:00:46]: [START]: Es wurden 549 Haeuser gefunden und 0 Besitzer enteignet.
[17-11-2024 04:00:34]: [START]: Es wurden 549 Haeuser gefunden und 0 Besitzer enteignet.
[18-11-2024 04:00:22]: [START]: Es wurden 549 Haeuser gefunden und 0 Besitzer enteignet.
[19-11-2024 04:00:60]: [START]: Es wurden 549 Haeuser gefunden und 0 Besitzer enteignet.
[20-11-2024 04:00:47]: [START]: Es wurden 549 Haeuser gefunden und 0 Besitzer enteignet.
[21-11-2024 04:00:35]: [START]: Es wurden 549 Haeuser gefunden und 0 Besitzer enteignet.
[22-11-2024 04:00:23]: [START]: Es wurden 549 Haeuser gefunden und 0 Besitzer enteignet.
[23-11-2024 04:01:01]: [START]: Es wurden 549 Haeuser gefunden und 0 Besitzer enteignet.
[24-11-2024 04:00:49]: [START]: Es wurden 549 Haeuser gefunden und 0 Besitzer enteignet.
[25-11-2024 04:00:36]: [START]: Es wurden 549 Haeuser gefunden und 0 Besitzer enteignet.
[26-11-2024 04:00:24]: [START]: Es wurden 549 Haeuser gefunden und 0 Besitzer enteignet.
[27-11-2024 04:01:03]: [START]: Es wurden 549 Haeuser gefunden und 0 Besitzer enteignet.
[28-11-2024 04:00:51]: [START]: Es wurden 549 Haeuser gefunden und 0 Besitzer enteignet.
[29-11-2024 04:00:38]: [START]: Es wurden 549 Haeuser gefunden und 0 Besitzer enteignet.
[30-11-2024 04:00:27]: [START]: Es wurden 549 Haeuser gefunden und 0 Besitzer enteignet.
[01-12-2024 04:00:15]: [START]: Es wurden 549 Haeuser gefunden und 0 Besitzer enteignet.
[01-12-2024 04:01:07]: [START]: Es wurden 549 Haeuser gefunden und 0 Besitzer enteignet.
[02-12-2024 04:00:55]: [START]: Es wurden 549 Haeuser gefunden und 0 Besitzer enteignet.
[03-12-2024 04:00:44]: [START]: Es wurden 549 Haeuser gefunden und 0 Besitzer enteignet.
[04-12-2024 04:00:31]: [START]: Es wurden 549 Haeuser gefunden und 0 Besitzer enteignet.
[05-12-2024 04:00:19]: [START]: Es wurden 549 Haeuser gefunden und 0 Besitzer enteignet.
[05-12-2024 04:01:11]: [START]: Es wurden 549 Haeuser gefunden und 0 Besitzer enteignet.
[06-12-2024 04:00:58]: [START]: Es wurden 549 Haeuser gefunden und 0 Besitzer enteignet.
[07-12-2024 04:00:46]: [START]: Es wurden 549 Haeuser gefunden und 0 Besitzer enteignet.
[08-12-2024 04:00:34]: [START]: Es wurden 549 Haeuser gefunden und 0 Besitzer enteignet.
[09-12-2024 04:00:22]: [START]: Es wurden 549 Haeuser gefunden und 0 Besitzer enteignet.
[10-12-2024 04:00:60]: [START]: Es wurden 549 Haeuser gefunden und 0 Besitzer enteignet.
[11-12-2024 04:00:48]: [START]: Es wurden 549 Haeuser gefunden und 0 Besitzer enteignet.
[12-12-2024 04:00:35]: [START]: Es wurden 549 Haeuser gefunden und 0 Besitzer enteignet.
[13-12-2024 04:00:23]: [START]: Es wurden 549 Haeuser gefunden und 0 Besitzer enteignet.
[14-12-2024 04:01:02]: [START]: Es wurden 549 Haeuser gefunden und 0 Besitzer enteignet.
[19-07-2025 18:23:11]: [START]: Es wurden 549 Haeuser gefunden und 0 Besitzer enteignet.
[19-07-2025 18:24:27]: [START]: Es wurden 549 Haeuser gefunden und 0 Besitzer enteignet.
[22-08-2025 16:42:08]: [START]: Es wurden 549 Haeuser gefunden und 0 Besitzer enteignet.
[23-08-2025 04:00:46]: [START]: Es wurden 549 Haeuser gefunden und 0 Besitzer enteignet.
[23-08-2025 07:26:37]: [START]: Es wurden 549 Haeuser gefunden und 0 Besitzer enteignet.
[24-08-2025 08:07:22]: [START]: Es wurden 549 Haeuser gefunden und 0 Besitzer enteignet.
[24-08-2025 08:08:28]: [START]: Es wurden 549 Haeuser gefunden und 0 Besitzer enteignet.
[24-08-2025 08:29:31]: [START]: Es wurden 549 Haeuser gefunden und 0 Besitzer enteignet.
[24-08-2025 08:30:09]: [START]: Es wurden 549 Haeuser gefunden und 0 Besitzer enteignet.
[24-08-2025 08:33:09]: [START]: Es wurden 549 Haeuser gefunden und 0 Besitzer enteignet.
[24-08-2025 08:35:41]: [START]: Es wurden 549 Haeuser gefunden und 0 Besitzer enteignet.
[24-08-2025 08:51:20]: [START]: Es wurden 549 Haeuser gefunden und 0 Besitzer enteignet.
[24-08-2025 09:10:53]: [START]: Es wurden 549 Haeuser gefunden und 0 Besitzer enteignet.
[24-08-2025 09:14:55]: [START]: Es wurden 549 Haeuser gefunden und 0 Besitzer enteignet.
[24-08-2025 09:17:17]: [START]: Es wurden 549 Haeuser gefunden und 0 Besitzer enteignet.
[24-08-2025 09:18:28]: [START]: Es wurden 549 Haeuser gefunden und 0 Besitzer enteignet.
[24-08-2025 09:26:27]: [START]: Es wurden 549 Haeuser gefunden und 0 Besitzer enteignet.
[25-08-2025 04:00:15]: [START]: Es wurden 549 Haeuser gefunden und 0 Besitzer enteignet.
[25-08-2025 04:01:07]: [START]: Es wurden 549 Haeuser gefunden und 0 Besitzer enteignet.
[25-08-2025 09:10:09]: [START]: Es wurden 549 Haeuser gefunden und 0 Besitzer enteignet.
[25-08-2025 10:56:18]: [START]: Es wurden 549 Haeuser gefunden und 0 Besitzer enteignet.
[25-08-2025 11:10:56]: [START]: Es wurden 549 Haeuser gefunden und 0 Besitzer enteignet.
[25-08-2025 19:57:08]: [START]: Es wurden 549 Haeuser gefunden und 0 Besitzer enteignet.
[25-08-2025 20:05:21]: [START]: Es wurden 549 Haeuser gefunden und 0 Besitzer enteignet.
[25-08-2025 20:11:58]: [START]: Es wurden 549 Haeuser gefunden und 0 Besitzer enteignet.
[25-08-2025 20:13:24]: [START]: Es wurden 549 Haeuser gefunden und 0 Besitzer enteignet.
[25-08-2025 20:16:42]: [START]: Es wurden 549 Haeuser gefunden und 0 Besitzer enteignet.
[25-08-2025 20:18:04]: [START]: Es wurden 549 Haeuser gefunden und 0 Besitzer enteignet.
[25-08-2025 20:20:32]: [START]: Es wurden 549 Haeuser gefunden und 0 Besitzer enteignet.
[26-08-2025 07:06:48]: [START]: Es wurden 549 Haeuser gefunden und 0 Besitzer enteignet.
[26-08-2025 07:36:56]: [START]: Es wurden 549 Haeuser gefunden und 0 Besitzer enteignet.
[26-08-2025 08:52:07]: [START]: Es wurden 549 Haeuser gefunden und 0 Besitzer enteignet.
[26-08-2025 09:25:22]: [START]: Es wurden 549 Haeuser gefunden und 0 Besitzer enteignet.
[26-08-2025 10:31:04]: [BUY]: Das Haus (ID 514) wurde von Grilkh fuer 63000$ per Bank erworben.
[26-08-2025 10:31:21]: [IN]: Grilkh hat ein Haus (ID: 514) betreten!
[26-08-2025 10:33:29]: [OUT]: Grilkh hat ein Haus (ID: 514) verlassen!
[27-08-2025 04:00:48]: [START]: Es wurden 549 Haeuser gefunden und 0 Besitzer enteignet.
[28-08-2025 04:00:38]: [START]: Es wurden 549 Haeuser gefunden und 0 Besitzer enteignet.
[29-08-2025 04:00:29]: [START]: Es wurden 549 Haeuser gefunden und 0 Besitzer enteignet.
[30-08-2025 04:00:15]: [START]: Es wurden 549 Haeuser gefunden und 0 Besitzer enteignet.
[30-08-2025 04:01:07]: [START]: Es wurden 549 Haeuser gefunden und 0 Besitzer enteignet.
[31-08-2025 04:00:53]: [START]: Es wurden 549 Haeuser gefunden und 0 Besitzer enteignet.
[01-09-2025 04:00:41]: [START]: Es wurden 549 Haeuser gefunden und 0 Besitzer enteignet.
[02-09-2025 04:00:25]: [START]: Es wurden 549 Haeuser gefunden und 0 Besitzer enteignet.
[03-09-2025 04:00:14]: [START]: Es wurden 549 Haeuser gefunden und 0 Besitzer enteignet.
[03-09-2025 04:01:05]: [START]: Es wurden 549 Haeuser gefunden und 0 Besitzer enteignet.
[04-09-2025 04:00:53]: [START]: Es wurden 549 Haeuser gefunden und 0 Besitzer enteignet.
[05-09-2025 04:00:36]: [START]: Es wurden 549 Haeuser gefunden und 0 Besitzer enteignet.
[06-09-2025 04:00:20]: [START]: Es wurden 549 Haeuser gefunden und 0 Besitzer enteignet.
[07-09-2025 04:00:54]: [START]: Es wurden 549 Haeuser gefunden und 0 Besitzer enteignet.
[08-09-2025 04:00:34]: [START]: Es wurden 549 Haeuser gefunden und 0 Besitzer enteignet.
[09-09-2025 04:00:16]: [START]: Es wurden 549 Haeuser gefunden und 0 Besitzer enteignet.
[09-09-2025 04:01:07]: [START]: Es wurden 549 Haeuser gefunden und 0 Besitzer enteignet.
[10-09-2025 04:00:49]: [START]: Es wurden 549 Haeuser gefunden und 0 Besitzer enteignet.
[11-09-2025 04:00:31]: [START]: Es wurden 549 Haeuser gefunden und 0 Besitzer enteignet.
[12-09-2025 04:00:18]: [START]: Es wurden 549 Haeuser gefunden und 0 Besitzer enteignet.
[12-09-2025 04:01:09]: [START]: Es wurden 549 Haeuser gefunden und 0 Besitzer enteignet.
[13-09-2025 04:00:56]: [START]: Es wurden 549 Haeuser gefunden und 0 Besitzer enteignet.
[14-09-2025 04:00:44]: [START]: Es wurden 549 Haeuser gefunden und 0 Besitzer enteignet.
[15-09-2025 04:00:32]: [START]: Es wurden 549 Haeuser gefunden und 0 Besitzer enteignet.
[16-09-2025 04:00:20]: [START]: Es wurden 549 Haeuser gefunden und 0 Besitzer enteignet.
[16-09-2025 04:01:11]: [START]: Es wurden 549 Haeuser gefunden und 0 Besitzer enteignet.
[17-09-2025 04:00:59]: [START]: Es wurden 549 Haeuser gefunden und 0 Besitzer enteignet.
[18-09-2025 04:00:46]: [START]: Es wurden 549 Haeuser gefunden und 0 Besitzer enteignet.
[19-09-2025 04:00:33]: [START]: Es wurden 549 Haeuser gefunden und 0 Besitzer enteignet.
[20-09-2025 04:00:19]: [START]: Es wurden 549 Haeuser gefunden und 0 Besitzer enteignet.
[20-09-2025 04:01:10]: [START]: Es wurden 549 Haeuser gefunden und 0 Besitzer enteignet.
[21-09-2025 04:00:57]: [START]: Es wurden 549 Haeuser gefunden und 0 Besitzer enteignet.
[22-09-2025 04:00:44]: [START]: Es wurden 549 Haeuser gefunden und 0 Besitzer enteignet.
[23-09-2025 04:00:31]: [START]: Es wurden 549 Haeuser gefunden und 0 Besitzer enteignet.
[24-09-2025 04:00:17]: [START]: Es wurden 549 Haeuser gefunden und 0 Besitzer enteignet.
[24-09-2025 04:01:08]: [START]: Es wurden 549 Haeuser gefunden und 0 Besitzer enteignet.
[25-09-2025 04:00:53]: [START]: Es wurden 549 Haeuser gefunden und 0 Besitzer enteignet.
[26-09-2025 04:00:38]: [START]: Es wurden 549 Haeuser gefunden und 0 Besitzer enteignet.
[27-09-2025 04:00:22]: [START]: Es wurden 549 Haeuser gefunden und 0 Besitzer enteignet.
[28-09-2025 04:00:56]: [START]: Es wurden 549 Haeuser gefunden und 0 Besitzer enteignet.
[29-09-2025 04:00:41]: [START]: Es wurden 549 Haeuser gefunden und 0 Besitzer enteignet.
[30-09-2025 04:00:26]: [START]: Es wurden 549 Haeuser gefunden und 0 Besitzer enteignet.
[01-10-2025 04:01:01]: [START]: Es wurden 549 Haeuser gefunden und 0 Besitzer enteignet.
[02-10-2025 04:00:46]: [START]: Es wurden 549 Haeuser gefunden und 0 Besitzer enteignet.
[03-10-2025 04:00:31]: [START]: Es wurden 549 Haeuser gefunden und 0 Besitzer enteignet.
[04-10-2025 04:00:17]: [START]: Es wurden 549 Haeuser gefunden und 0 Besitzer enteignet.
[04-10-2025 04:01:08]: [START]: Es wurden 549 Haeuser gefunden und 0 Besitzer enteignet.
[05-10-2025 04:00:54]: [START]: Es wurden 549 Haeuser gefunden und 0 Besitzer enteignet.
[06-10-2025 04:00:40]: [START]: Es wurden 549 Haeuser gefunden und 0 Besitzer enteignet.
[07-10-2025 04:00:27]: [START]: Es wurden 549 Haeuser gefunden und 0 Besitzer enteignet.
[08-10-2025 04:00:13]: [START]: Es wurden 549 Haeuser gefunden und 0 Besitzer enteignet.
[08-10-2025 04:01:04]: [START]: Es wurden 549 Haeuser gefunden und 0 Besitzer enteignet.
[09-10-2025 04:00:50]: [START]: Es wurden 549 Haeuser gefunden und 0 Besitzer enteignet.
[10-10-2025 04:00:37]: [START]: Es wurden 549 Haeuser gefunden und 0 Besitzer enteignet.
[11-10-2025 04:00:24]: [START]: Es wurden 549 Haeuser gefunden und 0 Besitzer enteignet.
[12-10-2025 04:00:60]: [START]: Es wurden 549 Haeuser gefunden und 0 Besitzer enteignet.
[13-10-2025 04:00:47]: [START]: Es wurden 549 Haeuser gefunden und 0 Besitzer enteignet.
[14-10-2025 04:00:33]: [START]: Es wurden 549 Haeuser gefunden und 0 Besitzer enteignet.
[15-10-2025 04:00:19]: [START]: Es wurden 549 Haeuser gefunden und 0 Besitzer enteignet.
[15-10-2025 04:01:11]: [START]: Es wurden 549 Haeuser gefunden und 0 Besitzer enteignet.
[16-10-2025 04:00:57]: [START]: Es wurden 549 Haeuser gefunden und 0 Besitzer enteignet.
[17-10-2025 04:00:44]: [START]: Es wurden 549 Haeuser gefunden und 0 Besitzer enteignet.
[18-10-2025 04:00:31]: [START]: Es wurden 549 Haeuser gefunden und 0 Besitzer enteignet.
[19-10-2025 04:00:19]: [START]: Es wurden 549 Haeuser gefunden und 0 Besitzer enteignet.
[19-10-2025 04:01:10]: [START]: Es wurden 549 Haeuser gefunden und 0 Besitzer enteignet.
[20-10-2025 04:00:55]: [START]: Es wurden 549 Haeuser gefunden und 0 Besitzer enteignet.
[21-10-2025 04:00:41]: [START]: Es wurden 549 Haeuser gefunden und 0 Besitzer enteignet.
[22-10-2025 04:00:26]: [START]: Es wurden 549 Haeuser gefunden und 0 Besitzer enteignet.
[23-10-2025 04:01:01]: [START]: Es wurden 549 Haeuser gefunden und 0 Besitzer enteignet.
[24-10-2025 04:00:44]: [START]: Es wurden 549 Haeuser gefunden und 0 Besitzer enteignet.
[25-10-2025 04:00:29]: [START]: Es wurden 549 Haeuser gefunden und 0 Besitzer enteignet.
[26-10-2025 04:00:15]: [START]: Es wurden 549 Haeuser gefunden und 0 Besitzer enteignet.
[26-10-2025 04:01:06]: [START]: Es wurden 549 Haeuser gefunden und 0 Besitzer enteignet.
[27-10-2025 04:00:52]: [START]: Es wurden 549 Haeuser gefunden und 0 Besitzer enteignet.
[28-10-2025 04:00:36]: [START]: Es wurden 549 Haeuser gefunden und 0 Besitzer enteignet.
[29-10-2025 04:00:20]: [START]: Es wurden 549 Haeuser gefunden und 0 Besitzer enteignet.
[30-10-2025 04:00:55]: [START]: Es wurden 549 Haeuser gefunden und 0 Besitzer enteignet.
[31-10-2025 04:00:38]: [START]: Es wurden 549 Haeuser gefunden und 0 Besitzer enteignet.
[01-11-2025 04:00:22]: [START]: Es wurden 549 Haeuser gefunden und 0 Besitzer enteignet.
[02-11-2025 04:00:56]: [START]: Es wurden 549 Haeuser gefunden und 0 Besitzer enteignet.
[03-11-2025 04:00:44]: [START]: Es wurden 549 Haeuser gefunden und 0 Besitzer enteignet.
[04-11-2025 04:00:28]: [START]: Es wurden 549 Haeuser gefunden und 0 Besitzer enteignet.
[05-11-2025 04:00:12]: [START]: Es wurden 549 Haeuser gefunden und 0 Besitzer enteignet.
[05-11-2025 04:01:03]: [START]: Es wurden 549 Haeuser gefunden und 0 Besitzer enteignet.
[06-11-2025 04:00:47]: [START]: Es wurden 549 Haeuser gefunden und 0 Besitzer enteignet.
[07-11-2025 04:00:30]: [START]: Es wurden 549 Haeuser gefunden und 0 Besitzer enteignet.
[08-11-2025 04:00:14]: [START]: Es wurden 549 Haeuser gefunden und 0 Besitzer enteignet.
[08-11-2025 04:01:05]: [START]: Es wurden 549 Haeuser gefunden und 0 Besitzer enteignet.
[09-11-2025 04:00:47]: [START]: Es wurden 549 Haeuser gefunden und 0 Besitzer enteignet.
[10-11-2025 04:00:30]: [START]: Es wurden 549 Haeuser gefunden und 0 Besitzer enteignet.
[11-11-2025 04:00:13]: [START]: Es wurden 549 Haeuser gefunden und 0 Besitzer enteignet.
[11-11-2025 04:01:04]: [START]: Es wurden 549 Haeuser gefunden und 0 Besitzer enteignet.
[12-11-2025 04:00:46]: [START]: Es wurden 549 Haeuser gefunden und 0 Besitzer enteignet.
[13-11-2025 04:00:30]: [START]: Es wurden 549 Haeuser gefunden und 0 Besitzer enteignet.
[14-11-2025 04:00:16]: [START]: Es wurden 549 Haeuser gefunden und 0 Besitzer enteignet.
[14-11-2025 04:01:07]: [START]: Es wurden 549 Haeuser gefunden und 0 Besitzer enteignet.
[15-11-2025 04:00:52]: [START]: Es wurden 549 Haeuser gefunden und 0 Besitzer enteignet.
[16-11-2025 04:00:37]: [START]: Es wurden 549 Haeuser gefunden und 0 Besitzer enteignet.
[17-11-2025 04:00:21]: [START]: Es wurden 549 Haeuser gefunden und 0 Besitzer enteignet.
[18-11-2025 04:00:55]: [START]: Es wurden 549 Haeuser gefunden und 0 Besitzer enteignet.
[19-11-2025 04:00:43]: [START]: Es wurden 549 Haeuser gefunden und 0 Besitzer enteignet.
[20-11-2025 04:00:31]: [START]: Es wurden 549 Haeuser gefunden und 0 Besitzer enteignet.
[21-11-2025 04:00:19]: [START]: Es wurden 549 Haeuser gefunden und 0 Besitzer enteignet.
[21-11-2025 04:01:11]: [START]: Es wurden 549 Haeuser gefunden und 0 Besitzer enteignet.
[22-11-2025 04:00:59]: [START]: Es wurden 549 Haeuser gefunden und 0 Besitzer enteignet.
[23-11-2025 04:00:47]: [START]: Es wurden 549 Haeuser gefunden und 0 Besitzer enteignet.
[24-11-2025 04:00:35]: [START]: Es wurden 549 Haeuser gefunden und 0 Besitzer enteignet.
[25-11-2025 04:00:24]: [START]: Es wurden 549 Haeuser gefunden und 0 Besitzer enteignet.
[26-11-2025 04:00:12]: [START]: Es wurden 549 Haeuser gefunden und 0 Besitzer enteignet.
[26-11-2025 04:01:03]: [START]: Es wurden 549 Haeuser gefunden und 0 Besitzer enteignet.
[27-11-2025 04:00:52]: [START]: Es wurden 549 Haeuser gefunden und 0 Besitzer enteignet.
[28-11-2025 04:00:40]: [START]: Hausbesitzer Grilkh wurde enteignet. (ID: 514)
[28-11-2025 04:00:40]: [START]: Es wurden 549 Haeuser gefunden und 1 Besitzer enteignet.
[29-11-2025 04:00:28]: [START]: Es wurden 549 Haeuser gefunden und 0 Besitzer enteignet.
[30-11-2025 04:00:17]: [START]: Es wurden 549 Haeuser gefunden und 0 Besitzer enteignet.
[30-11-2025 04:01:08]: [START]: Es wurden 549 Haeuser gefunden und 0 Besitzer enteignet.
[01-12-2025 04:00:56]: [START]: Es wurden 549 Haeuser gefunden und 0 Besitzer enteignet.
[02-12-2025 04:00:44]: [START]: Es wurden 549 Haeuser gefunden und 0 Besitzer enteignet.
[03-12-2025 04:00:30]: [START]: Es wurden 549 Haeuser gefunden und 0 Besitzer enteignet.
[04-12-2025 04:00:16]: [START]: Es wurden 549 Haeuser gefunden und 0 Besitzer enteignet.
[04-12-2025 04:01:07]: [START]: Es wurden 549 Haeuser gefunden und 0 Besitzer enteignet.
[05-12-2025 04:00:54]: [START]: Es wurden 549 Haeuser gefunden und 0 Besitzer enteignet.
[06-12-2025 04:00:39]: [START]: Es wurden 549 Haeuser gefunden und 0 Besitzer enteignet.
[07-12-2025 04:00:24]: [START]: Es wurden 549 Haeuser gefunden und 0 Besitzer enteignet.
[08-12-2025 04:01:01]: [START]: Es wurden 549 Haeuser gefunden und 0 Besitzer enteignet.
[09-12-2025 04:00:46]: [START]: Es wurden 549 Haeuser gefunden und 0 Besitzer enteignet.
[10-12-2025 04:00:33]: [START]: Es wurden 549 Haeuser gefunden und 0 Besitzer enteignet.
[11-12-2025 04:00:26]: [START]: Es wurden 549 Haeuser gefunden und 0 Besitzer enteignet.
[12-12-2025 04:00:15]: [START]: Es wurden 549 Haeuser gefunden und 0 Besitzer enteignet.
[12-12-2025 04:01:06]: [START]: Es wurden 549 Haeuser gefunden und 0 Besitzer enteignet.
[13-12-2025 04:00:56]: [START]: Es wurden 549 Haeuser gefunden und 0 Besitzer enteignet.
[14-12-2025 04:00:49]: [START]: Es wurden 549 Haeuser gefunden und 0 Besitzer enteignet.
[15-12-2025 04:00:45]: [START]: Es wurden 549 Haeuser gefunden und 0 Besitzer enteignet.
[16-12-2025 04:00:39]: [START]: Es wurden 549 Haeuser gefunden und 0 Besitzer enteignet.
[17-12-2025 04:00:32]: [START]: Es wurden 549 Haeuser gefunden und 0 Besitzer enteignet.
[18-12-2025 04:00:21]: [START]: Es wurden 549 Haeuser gefunden und 0 Besitzer enteignet.
[19-12-2025 04:00:59]: [START]: Es wurden 549 Haeuser gefunden und 0 Besitzer enteignet.
[20-12-2025 04:00:47]: [START]: Es wurden 549 Haeuser gefunden und 0 Besitzer enteignet.
[21-12-2025 04:00:35]: [START]: Es wurden 549 Haeuser gefunden und 0 Besitzer enteignet.
[22-12-2025 04:00:23]: [START]: Es wurden 549 Haeuser gefunden und 0 Besitzer enteignet.
[23-12-2025 04:01:01]: [START]: Es wurden 549 Haeuser gefunden und 0 Besitzer enteignet.
[24-12-2025 04:00:48]: [START]: Es wurden 549 Haeuser gefunden und 0 Besitzer enteignet.
[25-12-2025 04:00:36]: [START]: Es wurden 549 Haeuser gefunden und 0 Besitzer enteignet.
[26-12-2025 04:00:23]: [START]: Es wurden 549 Haeuser gefunden und 0 Besitzer enteignet.
[27-12-2025 04:01:01]: [START]: Es wurden 549 Haeuser gefunden und 0 Besitzer enteignet.
[28-12-2025 04:00:48]: [START]: Es wurden 549 Haeuser gefunden und 0 Besitzer enteignet.
[29-12-2025 04:00:37]: [START]: Es wurden 549 Haeuser gefunden und 0 Besitzer enteignet.
[30-12-2025 04:00:25]: [START]: Es wurden 549 Haeuser gefunden und 0 Besitzer enteignet.
[31-12-2025 04:00:13]: [START]: Es wurden 549 Haeuser gefunden und 0 Besitzer enteignet.
[31-12-2025 04:01:04]: [START]: Es wurden 549 Haeuser gefunden und 0 Besitzer enteignet.
[01-01-2026 04:00:51]: [START]: Es wurden 549 Haeuser gefunden und 0 Besitzer enteignet.
[02-01-2026 04:00:37]: [START]: Es wurden 549 Haeuser gefunden und 0 Besitzer enteignet.
[03-01-2026 04:00:24]: [START]: Es wurden 549 Haeuser gefunden und 0 Besitzer enteignet.
[04-01-2026 04:00:12]: [START]: Es wurden 549 Haeuser gefunden und 0 Besitzer enteignet.
[04-01-2026 04:01:04]: [START]: Es wurden 549 Haeuser gefunden und 0 Besitzer enteignet.
[05-01-2026 04:00:48]: [START]: Es wurden 549 Haeuser gefunden und 0 Besitzer enteignet.
[06-01-2026 04:00:35]: [START]: Es wurden 549 Haeuser gefunden und 0 Besitzer enteignet.
[07-01-2026 04:00:24]: [START]: Es wurden 549 Haeuser gefunden und 0 Besitzer enteignet.
[08-01-2026 04:00:12]: [START]: Es wurden 549 Haeuser gefunden und 0 Besitzer enteignet.
[08-01-2026 04:01:03]: [START]: Es wurden 549 Haeuser gefunden und 0 Besitzer enteignet.
[09-01-2026 04:00:50]: [START]: Es wurden 549 Haeuser gefunden und 0 Besitzer enteignet.
[10-01-2026 04:00:37]: [START]: Es wurden 549 Haeuser gefunden und 0 Besitzer enteignet.
