[20-05-2024 11:08:14]: [HANDY]: MySQl handler 2 not accepted! Shutting down...
[20-05-2024 11:08:36]: [HANDY]: MySQl handler 2 not accepted! Shutting down...
[20-05-2024 11:14:30]: [HANDY]: MySQl handler 2 not accepted! Shutting down...
[20-05-2024 11:17:07]: [HANDY]: MySQl handler 2 not accepted! Shutting down...
[20-05-2024 13:42:11]: [HANDY]: MySQl handler 2 not accepted! Shutting down...
[20-05-2024 13:42:42]: [HANDY]: MySQl handler 2 not accepted! Shutting down...
[20-05-2024 13:49:43]: [HANDY]: MySQl handler 2 not accepted! Shutting down...
[20-05-2024 13:57:13]: [HANDY]: MySQl handler 2 not accepted! Shutting down...
[20-05-2024 13:58:57]: [HANDY]: MySQl handler 2 not accepted! Shutting down...
[20-05-2024 13:59:15]: [HANDY]: MySQl handler 2 not accepted! Shutting down...
[20-05-2024 14:03:55]: [HANDY]: MySQl handler 2 not accepted! Shutting down...
[20-05-2024 14:19:23]: [HANDY]: Keine Updatetable vorhanden. Erstelle neue...
[20-05-2024 14:19:23]: [HANDY]: Updates erfolgreich in die Table inserted!
[20-05-2024 14:19:23]: [HANDY]: Updatetext geladen!
[20-05-2024 14:19:23]: [HANDY]: MySQl handler 1 accepted!
[20-05-2024 14:25:08]: [HANDY]: Updatetext geladen!
[20-05-2024 14:25:08]: [HANDY]: MySQl handler 1 accepted!
[20-05-2024 19:52:32]: [HANDY]: MySQl handler 2 not accepted! Shutting down...
[20-05-2024 19:52:60]: [HANDY]: MySQl handler 2 not accepted! Shutting down...
[20-05-2024 20:08:31]: [HANDY]: Keine Updatetable vorhanden. Erstelle neue...
[20-05-2024 20:08:31]: [HANDY]: Updates erfolgreich in die Table inserted!
[20-05-2024 20:08:31]: [HANDY]: Updatetext geladen!
[20-05-2024 20:08:31]: [HANDY]: MySQl handler 1 accepted!
[20-05-2024 20:08:59]: [HANDY]: Updatetext geladen!
[20-05-2024 20:08:59]: [HANDY]: MySQl handler 1 accepted!
[20-05-2024 20:10:45]: [HANDY]: Updatetext geladen!
[20-05-2024 20:10:45]: [HANDY]: MySQl handler 1 accepted!
[20-05-2024 20:15:27]: [HANDY]: Updatetext geladen!
[20-05-2024 20:15:27]: [HANDY]: MySQl handler 1 accepted!
[21-05-2024 06:13:52]: [HANDY]: Updatetext geladen!
[21-05-2024 06:13:52]: [HANDY]: MySQl handler 1 accepted!
[21-05-2024 06:16:07]: [HANDY]: Updatetext geladen!
[21-05-2024 06:16:07]: [HANDY]: MySQl handler 1 accepted!
[21-05-2024 06:16:59]: [HANDY]: Updatetext geladen!
[21-05-2024 06:16:59]: [HANDY]: MySQl handler 1 accepted!
[21-05-2024 06:19:46]: [HANDY]: Updatetext geladen!
[21-05-2024 06:19:46]: [HANDY]: MySQl handler 1 accepted!
[21-05-2024 06:25:40]: [HANDY]: Updatetext geladen!
[21-05-2024 06:25:40]: [HANDY]: MySQl handler 1 accepted!
[21-05-2024 06:29:60]: [HANDY]: Updatetext geladen!
[21-05-2024 06:29:60]: [HANDY]: MySQl handler 1 accepted!
[21-05-2024 06:33:04]: [HANDY]: Updatetext geladen!
[21-05-2024 06:33:04]: [HANDY]: MySQl handler 1 accepted!
[21-05-2024 06:43:30]: [HANDY]: Updatetext geladen!
[21-05-2024 06:43:30]: [HANDY]: MySQl handler 1 accepted!
[21-05-2024 07:06:23]: [HANDY]: Updatetext geladen!
[21-05-2024 07:06:23]: [HANDY]: MySQl handler 1 accepted!
[21-05-2024 07:08:34]: [HANDY]: Updatetext geladen!
[21-05-2024 07:08:34]: [HANDY]: MySQl handler 1 accepted!
[21-05-2024 07:12:27]: [HANDY]: Updatetext geladen!
[21-05-2024 07:12:27]: [HANDY]: MySQl handler 1 accepted!
[21-05-2024 07:14:56]: [HANDY]: Updatetext geladen!
[21-05-2024 07:14:56]: [HANDY]: MySQl handler 1 accepted!
[21-05-2024 07:39:08]: [HANDY]: Updatetext geladen!
[21-05-2024 07:39:08]: [HANDY]: MySQl handler 1 accepted!
[21-05-2024 07:40:37]: [HANDY]: Updatetext geladen!
[21-05-2024 07:40:37]: [HANDY]: MySQl handler 1 accepted!
[21-05-2024 07:47:53]: [HANDY]: Updatetext geladen!
[21-05-2024 07:47:53]: [HANDY]: MySQl handler 1 accepted!
[21-05-2024 16:48:17]: [HANDY]: Updatetext geladen!
[21-05-2024 16:48:17]: [HANDY]: MySQl handler 1 accepted!
[21-05-2024 17:00:28]: [HANDY]: Updatetext geladen!
[21-05-2024 17:00:28]: [HANDY]: MySQl handler 1 accepted!
[21-05-2024 17:03:03]: [HANDY]: Updatetext geladen!
[21-05-2024 17:03:03]: [HANDY]: MySQl handler 1 accepted!
[21-05-2024 17:06:34]: [HANDY]: Updatetext geladen!
[21-05-2024 17:06:34]: [HANDY]: MySQl handler 1 accepted!
[21-05-2024 17:09:04]: [HANDY]: Updatetext geladen!
[21-05-2024 17:09:04]: [HANDY]: MySQl handler 1 accepted!
[21-05-2024 17:10:49]: [HANDY]: Updatetext geladen!
[21-05-2024 17:10:49]: [HANDY]: MySQl handler 1 accepted!
[21-05-2024 17:17:25]: [HANDY]: Updatetext geladen!
[21-05-2024 17:17:25]: [HANDY]: MySQl handler 1 accepted!
[21-05-2024 17:22:60]: [HANDY]: Updatetext geladen!
[21-05-2024 17:22:60]: [HANDY]: MySQl handler 1 accepted!
[21-05-2024 17:23:49]: [HANDY]: Updatetext geladen!
[21-05-2024 17:23:49]: [HANDY]: MySQl handler 1 accepted!
[21-05-2024 17:25:52]: [HANDY]: Updatetext geladen!
[21-05-2024 17:25:52]: [HANDY]: MySQl handler 1 accepted!
[21-05-2024 17:33:49]: [HANDY]: Updatetext geladen!
[21-05-2024 17:33:49]: [HANDY]: MySQl handler 1 accepted!
[21-05-2024 18:16:40]: [HANDY]: Updatetext geladen!
[21-05-2024 18:16:40]: [HANDY]: MySQl handler 1 accepted!
[21-05-2024 18:26:27]: [HANDY]: Updatetext geladen!
[21-05-2024 18:26:27]: [HANDY]: MySQl handler 1 accepted!
[21-05-2024 18:32:31]: [HANDY]: Updatetext geladen!
[21-05-2024 18:32:31]: [HANDY]: MySQl handler 1 accepted!
[21-05-2024 18:48:52]: [HANDY]: Updatetext geladen!
[21-05-2024 18:48:52]: [HANDY]: MySQl handler 1 accepted!
[21-05-2024 18:50:46]: [HANDY]: Updatetext geladen!
[21-05-2024 18:50:46]: [HANDY]: MySQl handler 1 accepted!
[22-05-2024 06:07:01]: [HANDY]: Updatetext geladen!
[22-05-2024 06:07:01]: [HANDY]: MySQl handler 1 accepted!
[22-05-2024 06:16:39]: [HANDY]: Updatetext geladen!
[22-05-2024 06:16:39]: [HANDY]: MySQl handler 1 accepted!
[22-05-2024 06:21:14]: [HANDY]: Updatetext geladen!
[22-05-2024 06:21:14]: [HANDY]: MySQl handler 1 accepted!
[22-05-2024 06:34:54]: [HANDY]: Updatetext geladen!
[22-05-2024 06:34:54]: [HANDY]: MySQl handler 1 accepted!
[22-05-2024 06:51:54]: [HANDY]: Updatetext geladen!
[22-05-2024 06:51:54]: [HANDY]: MySQl handler 1 accepted!
[22-05-2024 06:55:36]: [HANDY]: Updatetext geladen!
[22-05-2024 06:55:36]: [HANDY]: MySQl handler 1 accepted!
[22-05-2024 07:00:21]: [HANDY]: Updatetext geladen!
[22-05-2024 07:00:21]: [HANDY]: MySQl handler 1 accepted!
[22-05-2024 07:18:02]: [HANDY]: Updatetext geladen!
[22-05-2024 07:18:02]: [HANDY]: MySQl handler 1 accepted!
[22-05-2024 07:21:05]: [HANDY]: Updatetext geladen!
[22-05-2024 07:21:05]: [HANDY]: MySQl handler 1 accepted!
[22-05-2024 07:25:53]: [HANDY]: Updatetext geladen!
[22-05-2024 07:25:53]: [HANDY]: MySQl handler 1 accepted!
[22-05-2024 08:21:22]: [HANDY]: Updatetext geladen!
[22-05-2024 08:21:22]: [HANDY]: MySQl handler 1 accepted!
[22-05-2024 08:24:40]: [HANDY]: Updatetext geladen!
[22-05-2024 08:24:40]: [HANDY]: MySQl handler 1 accepted!
[22-05-2024 08:27:41]: [HANDY]: Updatetext geladen!
[22-05-2024 08:27:41]: [HANDY]: MySQl handler 1 accepted!
[22-05-2024 16:50:21]: [HANDY]: Updatetext geladen!
[22-05-2024 16:50:21]: [HANDY]: MySQl handler 1 accepted!
[22-05-2024 17:09:08]: [HANDY]: Updatetext geladen!
[22-05-2024 17:09:08]: [HANDY]: MySQl handler 1 accepted!
[22-05-2024 17:14:01]: [HANDY]: Updatetext geladen!
[22-05-2024 17:14:01]: [HANDY]: MySQl handler 1 accepted!
[22-05-2024 17:16:04]: [HANDY]: Updatetext geladen!
[22-05-2024 17:16:04]: [HANDY]: MySQl handler 1 accepted!
[22-05-2024 17:20:55]: [HANDY]: Updatetext geladen!
[22-05-2024 17:20:55]: [HANDY]: MySQl handler 1 accepted!
[22-05-2024 17:21:44]: [HANDY]: Updatetext geladen!
[22-05-2024 17:21:44]: [HANDY]: MySQl handler 1 accepted!
[22-05-2024 17:38:08]: [HANDY]: Updatetext geladen!
[22-05-2024 17:38:08]: [HANDY]: MySQl handler 1 accepted!
[22-05-2024 17:49:10]: [HANDY]: Updatetext geladen!
[22-05-2024 17:49:10]: [HANDY]: MySQl handler 1 accepted!
[22-05-2024 17:52:59]: [HANDY]: Updatetext geladen!
[22-05-2024 17:52:59]: [HANDY]: MySQl handler 1 accepted!
[22-05-2024 17:56:56]: [HANDY]: Updatetext geladen!
[22-05-2024 17:56:56]: [HANDY]: MySQl handler 1 accepted!
[22-05-2024 19:07:57]: [HANDY]: Updatetext geladen!
[22-05-2024 19:07:57]: [HANDY]: MySQl handler 1 accepted!
[22-05-2024 19:36:55]: [HANDY]: Updatetext geladen!
[22-05-2024 19:36:55]: [HANDY]: MySQl handler 1 accepted!
[22-05-2024 19:42:50]: [HANDY]: Updatetext geladen!
[22-05-2024 19:42:50]: [HANDY]: MySQl handler 1 accepted!
[22-05-2024 19:47:23]: [HANDY]: Updatetext geladen!
[22-05-2024 19:47:23]: [HANDY]: MySQl handler 1 accepted!
[23-05-2024 04:08:37]: [HANDY]: Updatetext geladen!
[23-05-2024 04:08:37]: [HANDY]: MySQl handler 1 accepted!
[23-05-2024 04:18:26]: [HANDY]: Updatetext geladen!
[23-05-2024 04:18:26]: [HANDY]: MySQl handler 1 accepted!
[23-05-2024 06:08:18]: [HANDY]: Updatetext geladen!
[23-05-2024 06:08:18]: [HANDY]: MySQl handler 1 accepted!
[23-05-2024 15:41:46]: [HANDY]: Updatetext geladen!
[23-05-2024 15:41:46]: [HANDY]: MySQl handler 1 accepted!
[23-05-2024 16:09:33]: [HANDY]: Updatetext geladen!
[23-05-2024 16:09:33]: [HANDY]: MySQl handler 1 accepted!
[23-05-2024 16:17:47]: [HANDY]: Updatetext geladen!
[23-05-2024 16:17:47]: [HANDY]: MySQl handler 1 accepted!
[23-05-2024 16:20:26]: [HANDY]: Updatetext geladen!
[23-05-2024 16:20:26]: [HANDY]: MySQl handler 1 accepted!
[23-05-2024 16:25:38]: [HANDY]: Updatetext geladen!
[23-05-2024 16:25:38]: [HANDY]: MySQl handler 1 accepted!
[23-05-2024 17:52:41]: [HANDY]: Updatetext geladen!
[23-05-2024 17:52:41]: [HANDY]: MySQl handler 1 accepted!
[23-05-2024 17:57:05]: [HANDY]: Updatetext geladen!
[23-05-2024 17:57:05]: [HANDY]: MySQl handler 1 accepted!
[23-05-2024 17:57:55]: [HANDY]: Updatetext geladen!
[23-05-2024 17:57:55]: [HANDY]: MySQl handler 1 accepted!
[23-05-2024 18:03:52]: [HANDY]: Updatetext geladen!
[23-05-2024 18:03:52]: [HANDY]: MySQl handler 1 accepted!
[24-05-2024 13:32:11]: [HANDY]: Updatetext geladen!
[24-05-2024 13:32:11]: [HANDY]: MySQl handler 1 accepted!
[24-05-2024 13:47:18]: [HANDY]: Updatetext geladen!
[24-05-2024 13:47:18]: [HANDY]: MySQl handler 1 accepted!
[24-05-2024 14:02:14]: [HANDY]: Updatetext geladen!
[24-05-2024 14:02:14]: [HANDY]: MySQl handler 1 accepted!
[24-05-2024 14:06:01]: [HANDY]: Updatetext geladen!
[24-05-2024 14:06:01]: [HANDY]: MySQl handler 1 accepted!
[24-05-2024 14:11:37]: [HANDY]: Updatetext geladen!
[24-05-2024 14:11:37]: [HANDY]: MySQl handler 1 accepted!
[24-05-2024 14:24:22]: [HANDY]: Updatetext geladen!
[24-05-2024 14:24:22]: [HANDY]: MySQl handler 1 accepted!
[28-05-2024 17:21:04]: [HANDY]: Updatetext geladen!
[28-05-2024 17:21:04]: [HANDY]: MySQl handler 1 accepted!
[28-05-2024 17:27:08]: [HANDY]: Updatetext geladen!
[28-05-2024 17:27:08]: [HANDY]: MySQl handler 1 accepted!
[28-05-2024 17:45:02]: [HANDY]: Updatetext geladen!
[28-05-2024 17:45:02]: [HANDY]: MySQl handler 1 accepted!
[28-05-2024 18:08:38]: [HANDY]: Updatetext geladen!
[28-05-2024 18:08:38]: [HANDY]: MySQl handler 1 accepted!
[28-05-2024 18:10:30]: [HANDY]: Updatetext geladen!
[28-05-2024 18:10:30]: [HANDY]: MySQl handler 1 accepted!
[29-05-2024 09:27:05]: [HANDY]: Updatetext geladen!
[29-05-2024 09:27:05]: [HANDY]: MySQl handler 1 accepted!
[29-05-2024 11:54:50]: [HANDY]: Updatetext geladen!
[29-05-2024 11:54:50]: [HANDY]: MySQl handler 1 accepted!
[29-05-2024 11:58:49]: [HANDY]: Updatetext geladen!
[29-05-2024 11:58:49]: [HANDY]: MySQl handler 1 accepted!
[29-05-2024 12:04:15]: [HANDY]: Updatetext geladen!
[29-05-2024 12:04:15]: [HANDY]: MySQl handler 1 accepted!
[29-05-2024 12:11:57]: [HANDY]: Updatetext geladen!
[29-05-2024 12:11:57]: [HANDY]: MySQl handler 1 accepted!
[29-05-2024 12:16:01]: [HANDY]: Updatetext geladen!
[29-05-2024 12:16:01]: [HANDY]: MySQl handler 1 accepted!
[29-05-2024 12:23:42]: [HANDY]: Updatetext geladen!
[29-05-2024 12:23:42]: [HANDY]: MySQl handler 1 accepted!
[29-05-2024 12:24:20]: [HANDY]: Updatetext geladen!
[29-05-2024 12:24:20]: [HANDY]: MySQl handler 1 accepted!
[29-05-2024 16:33:32]: [HANDY]: Updatetext geladen!
[29-05-2024 16:33:32]: [HANDY]: MySQl handler 1 accepted!
[29-05-2024 16:41:26]: [HANDY]: Updatetext geladen!
[29-05-2024 16:41:26]: [HANDY]: MySQl handler 1 accepted!
[30-05-2024 07:08:60]: [HANDY]: Updatetext geladen!
[30-05-2024 07:08:60]: [HANDY]: MySQl handler 1 accepted!
[30-05-2024 07:22:54]: [HANDY]: Updatetext geladen!
[30-05-2024 07:22:54]: [HANDY]: MySQl handler 1 accepted!
[30-05-2024 08:20:25]: [HANDY]: Updatetext geladen!
[30-05-2024 08:20:25]: [HANDY]: MySQl handler 1 accepted!
[30-05-2024 08:31:10]: [HANDY]: Updatetext geladen!
[30-05-2024 08:31:10]: [HANDY]: MySQl handler 1 accepted!
[30-05-2024 08:34:08]: [HANDY]: Updatetext geladen!
[30-05-2024 08:34:08]: [HANDY]: MySQl handler 1 accepted!
[30-05-2024 08:36:53]: [HANDY]: Updatetext geladen!
[30-05-2024 08:36:53]: [HANDY]: MySQl handler 1 accepted!
[30-05-2024 08:37:01]: [HANDY]: Updatetext geladen!
[30-05-2024 08:37:01]: [HANDY]: MySQl handler 1 accepted!
[30-05-2024 08:37:26]: [HANDY]: Updatetext geladen!
[30-05-2024 08:37:26]: [HANDY]: MySQl handler 1 accepted!
[30-05-2024 08:40:28]: [HANDY]: Updatetext geladen!
[30-05-2024 08:40:28]: [HANDY]: MySQl handler 1 accepted!
[30-05-2024 08:46:53]: [HANDY]: Updatetext geladen!
[30-05-2024 08:46:53]: [HANDY]: MySQl handler 1 accepted!
[30-05-2024 08:48:07]: [HANDY]: Updatetext geladen!
[30-05-2024 08:48:07]: [HANDY]: MySQl handler 1 accepted!
[02-11-2024 05:18:13]: [HANDY]: Updatetext geladen!
[02-11-2024 05:18:13]: [HANDY]: MySQl handler 1 accepted!
[02-11-2024 05:33:26]: [HANDY]: Updatetext geladen!
[02-11-2024 05:33:26]: [HANDY]: MySQl handler 1 accepted!
[02-11-2024 05:35:39]: [HANDY]: Updatetext geladen!
[02-11-2024 05:35:39]: [HANDY]: MySQl handler 1 accepted!
[02-11-2024 05:48:42]: [HANDY]: Updatetext geladen!
[02-11-2024 05:48:42]: [HANDY]: MySQl handler 1 accepted!
[02-11-2024 05:58:58]: [HANDY]: Updatetext geladen!
[02-11-2024 05:58:58]: [HANDY]: MySQl handler 1 accepted!
[02-11-2024 06:03:15]: [HANDY]: Updatetext geladen!
[02-11-2024 06:03:15]: [HANDY]: MySQl handler 1 accepted!
[02-11-2024 07:38:27]: [HANDY]: Updatetext geladen!
[02-11-2024 07:38:27]: [HANDY]: MySQl handler 1 accepted!
[02-11-2024 07:39:08]: [HANDY]: Updatetext geladen!
[02-11-2024 07:39:08]: [HANDY]: MySQl handler 1 accepted!
[02-11-2024 07:42:35]: [HANDY]: Updatetext geladen!
[02-11-2024 07:42:35]: [HANDY]: MySQl handler 1 accepted!
[02-11-2024 07:47:17]: [HANDY]: Updatetext geladen!
[02-11-2024 07:47:17]: [HANDY]: MySQl handler 1 accepted!
[02-11-2024 07:47:46]: [HANDY]: Updatetext geladen!
[02-11-2024 07:47:46]: [HANDY]: MySQl handler 1 accepted!
[02-11-2024 08:02:22]: [HANDY]: Updatetext geladen!
[02-11-2024 08:02:22]: [HANDY]: MySQl handler 1 accepted!
[02-11-2024 08:02:54]: [HANDY]: Updatetext geladen!
[02-11-2024 08:02:54]: [HANDY]: MySQl handler 1 accepted!
[02-11-2024 08:18:15]: [HANDY]: Updatetext geladen!
[02-11-2024 08:18:15]: [HANDY]: MySQl handler 1 accepted!
[02-11-2024 08:23:47]: [HANDY]: Updatetext geladen!
[02-11-2024 08:23:47]: [HANDY]: MySQl handler 1 accepted!
[02-11-2024 08:24:47]: [HANDY]: Updatetext geladen!
[02-11-2024 08:24:47]: [HANDY]: MySQl handler 1 accepted!
[02-11-2024 08:26:42]: [HANDY]: Updatetext geladen!
[02-11-2024 08:26:42]: [HANDY]: MySQl handler 1 accepted!
[02-11-2024 08:44:52]: [HANDY]: Updatetext geladen!
[02-11-2024 08:44:52]: [HANDY]: MySQl handler 1 accepted!
[02-11-2024 08:51:13]: [HANDY]: Updatetext geladen!
[02-11-2024 08:51:13]: [HANDY]: MySQl handler 1 accepted!
[02-11-2024 09:27:50]: [HANDY]: Updatetext geladen!
[02-11-2024 09:27:50]: [HANDY]: MySQl handler 1 accepted!
[02-11-2024 09:39:34]: [HANDY]: Updatetext geladen!
[02-11-2024 09:39:34]: [HANDY]: MySQl handler 1 accepted!
[02-11-2024 09:46:50]: [HANDY]: Updatetext geladen!
[02-11-2024 09:46:50]: [HANDY]: MySQl handler 1 accepted!
[02-11-2024 09:50:05]: [HANDY]: Updatetext geladen!
[02-11-2024 09:50:05]: [HANDY]: MySQl handler 1 accepted!
[02-11-2024 09:51:39]: [HANDY]: Updatetext geladen!
[02-11-2024 09:51:39]: [HANDY]: MySQl handler 1 accepted!
[02-11-2024 10:07:05]: [HANDY]: Updatetext geladen!
[02-11-2024 10:07:05]: [HANDY]: MySQl handler 1 accepted!
[02-11-2024 10:09:10]: [HANDY]: Updatetext geladen!
[02-11-2024 10:09:10]: [HANDY]: MySQl handler 1 accepted!
[02-11-2024 14:35:28]: [HANDY]: Updatetext geladen!
[02-11-2024 14:35:28]: [HANDY]: MySQl handler 1 accepted!
[02-11-2024 15:00:27]: [HANDY]: Updatetext geladen!
[02-11-2024 15:00:27]: [HANDY]: MySQl handler 1 accepted!
[02-11-2024 15:16:04]: [HANDY]: Updatetext geladen!
[02-11-2024 15:16:04]: [HANDY]: MySQl handler 1 accepted!
[02-11-2024 15:19:13]: [HANDY]: Updatetext geladen!
[02-11-2024 15:19:13]: [HANDY]: MySQl handler 1 accepted!
[02-11-2024 15:23:04]: [HANDY]: Updatetext geladen!
[02-11-2024 15:23:04]: [HANDY]: MySQl handler 1 accepted!
[02-11-2024 15:34:03]: [HANDY]: Updatetext geladen!
[02-11-2024 15:34:03]: [HANDY]: MySQl handler 1 accepted!
[02-11-2024 17:21:19]: [HANDY]: Updatetext geladen!
[02-11-2024 17:21:19]: [HANDY]: MySQl handler 1 accepted!
[02-11-2024 18:06:17]: [HANDY]: Updatetext geladen!
[02-11-2024 18:06:17]: [HANDY]: MySQl handler 1 accepted!
[02-11-2024 18:09:16]: [HANDY]: Updatetext geladen!
[02-11-2024 18:09:16]: [HANDY]: MySQl handler 1 accepted!
[02-11-2024 18:09:26]: [HANDY]: Updatetext geladen!
[02-11-2024 18:09:26]: [HANDY]: MySQl handler 1 accepted!
[02-11-2024 18:15:28]: [HANDY]: Updatetext geladen!
[02-11-2024 18:15:28]: [HANDY]: MySQl handler 1 accepted!
[02-11-2024 18:19:49]: [HANDY]: Updatetext geladen!
[02-11-2024 18:19:49]: [HANDY]: MySQl handler 1 accepted!
[02-11-2024 18:21:29]: [HANDY]: Updatetext geladen!
[02-11-2024 18:21:29]: [HANDY]: MySQl handler 1 accepted!
[02-11-2024 18:29:32]: [HANDY]: Updatetext geladen!
[02-11-2024 18:29:32]: [HANDY]: MySQl handler 1 accepted!
[02-11-2024 18:32:14]: [HANDY]: Updatetext geladen!
[02-11-2024 18:32:14]: [HANDY]: MySQl handler 1 accepted!
[02-11-2024 18:42:51]: [HANDY]: Updatetext geladen!
[02-11-2024 18:42:51]: [HANDY]: MySQl handler 1 accepted!
[02-11-2024 18:44:12]: [HANDY]: Updatetext geladen!
[02-11-2024 18:44:12]: [HANDY]: MySQl handler 1 accepted!
[02-11-2024 18:47:32]: [HANDY]: Updatetext geladen!
[02-11-2024 18:47:32]: [HANDY]: MySQl handler 1 accepted!
[03-11-2024 05:36:06]: [HANDY]: Updatetext geladen!
[03-11-2024 05:36:06]: [HANDY]: MySQl handler 1 accepted!
[03-11-2024 05:49:39]: [HANDY]: Updatetext geladen!
[03-11-2024 05:49:39]: [HANDY]: MySQl handler 1 accepted!
[03-11-2024 05:58:55]: [HANDY]: Updatetext geladen!
[03-11-2024 05:58:55]: [HANDY]: MySQl handler 1 accepted!
[03-11-2024 06:05:08]: [HANDY]: Updatetext geladen!
[03-11-2024 06:05:08]: [HANDY]: MySQl handler 1 accepted!
[03-11-2024 06:19:12]: [HANDY]: Updatetext geladen!
[03-11-2024 06:19:12]: [HANDY]: MySQl handler 1 accepted!
[03-11-2024 06:22:56]: [HANDY]: Updatetext geladen!
[03-11-2024 06:22:56]: [HANDY]: MySQl handler 1 accepted!
[03-11-2024 06:31:11]: [HANDY]: Updatetext geladen!
[03-11-2024 06:31:11]: [HANDY]: MySQl handler 1 accepted!
[03-11-2024 08:06:38]: [HANDY]: Updatetext geladen!
[03-11-2024 08:06:38]: [HANDY]: MySQl handler 1 accepted!
[03-11-2024 08:12:52]: [HANDY]: Updatetext geladen!
[03-11-2024 08:12:52]: [HANDY]: MySQl handler 1 accepted!
[03-11-2024 09:18:23]: [HANDY]: Updatetext geladen!
[03-11-2024 09:18:23]: [HANDY]: MySQl handler 1 accepted!
[03-11-2024 09:22:50]: [HANDY]: Updatetext geladen!
[03-11-2024 09:22:50]: [HANDY]: MySQl handler 1 accepted!
[03-11-2024 09:36:26]: [HANDY]: Updatetext geladen!
[03-11-2024 09:36:26]: [HANDY]: MySQl handler 1 accepted!
[03-11-2024 09:38:46]: [HANDY]: Updatetext geladen!
[03-11-2024 09:38:46]: [HANDY]: MySQl handler 1 accepted!
[03-11-2024 09:42:05]: [HANDY]: Updatetext geladen!
[03-11-2024 09:42:05]: [HANDY]: MySQl handler 1 accepted!
[03-11-2024 09:47:24]: [HANDY]: Updatetext geladen!
[03-11-2024 09:47:24]: [HANDY]: MySQl handler 1 accepted!
[03-11-2024 09:57:28]: [HANDY]: Updatetext geladen!
[03-11-2024 09:57:28]: [HANDY]: MySQl handler 1 accepted!
[03-11-2024 10:04:44]: [HANDY]: Updatetext geladen!
[03-11-2024 10:04:44]: [HANDY]: MySQl handler 1 accepted!
[03-11-2024 12:26:49]: [HANDY]: Updatetext geladen!
[03-11-2024 12:26:49]: [HANDY]: MySQl handler 1 accepted!
[05-11-2024 05:10:45]: [HANDY]: Updatetext geladen!
[05-11-2024 05:10:45]: [HANDY]: MySQl handler 1 accepted!
[05-11-2024 06:48:31]: [HANDY]: Updatetext geladen!
[05-11-2024 06:48:31]: [HANDY]: MySQl handler 1 accepted!
[05-11-2024 07:04:47]: [HANDY]: Updatetext geladen!
[05-11-2024 07:04:47]: [HANDY]: MySQl handler 1 accepted!
[05-11-2024 07:10:42]: [HANDY]: Updatetext geladen!
[05-11-2024 07:10:42]: [HANDY]: MySQl handler 1 accepted!
[05-11-2024 07:14:34]: [HANDY]: Updatetext geladen!
[05-11-2024 07:14:34]: [HANDY]: MySQl handler 1 accepted!
[05-11-2024 07:16:12]: [HANDY]: Updatetext geladen!
[05-11-2024 07:16:12]: [HANDY]: MySQl handler 1 accepted!
[05-11-2024 07:17:03]: [HANDY]: Updatetext geladen!
[05-11-2024 07:17:03]: [HANDY]: MySQl handler 1 accepted!
[06-11-2024 04:00:05]: [HANDY]: Updatetext geladen!
[06-11-2024 04:00:05]: [HANDY]: MySQl handler 1 accepted!
[06-11-2024 04:00:56]: [HANDY]: Updatetext geladen!
[06-11-2024 04:00:56]: [HANDY]: MySQl handler 1 accepted!
[07-11-2024 04:00:43]: [HANDY]: Updatetext geladen!
[07-11-2024 04:00:43]: [HANDY]: MySQl handler 1 accepted!
[08-11-2024 04:00:31]: [HANDY]: Updatetext geladen!
[08-11-2024 04:00:31]: [HANDY]: MySQl handler 1 accepted!
[09-11-2024 04:00:19]: [HANDY]: Updatetext geladen!
[09-11-2024 04:00:19]: [HANDY]: MySQl handler 1 accepted!
[10-11-2024 04:00:07]: [HANDY]: Updatetext geladen!
[10-11-2024 04:00:07]: [HANDY]: MySQl handler 1 accepted!
[10-11-2024 04:00:58]: [HANDY]: Updatetext geladen!
[10-11-2024 04:00:58]: [HANDY]: MySQl handler 1 accepted!
[11-11-2024 04:00:45]: [HANDY]: Updatetext geladen!
[11-11-2024 04:00:45]: [HANDY]: MySQl handler 1 accepted!
[12-11-2024 04:00:33]: [HANDY]: Updatetext geladen!
[12-11-2024 04:00:33]: [HANDY]: MySQl handler 1 accepted!
[13-11-2024 04:00:21]: [HANDY]: Updatetext geladen!
[13-11-2024 04:00:21]: [HANDY]: MySQl handler 1 accepted!
[14-11-2024 04:00:09]: [HANDY]: Updatetext geladen!
[14-11-2024 04:00:09]: [HANDY]: MySQl handler 1 accepted!
[14-11-2024 04:01:01]: [HANDY]: Updatetext geladen!
[14-11-2024 04:01:01]: [HANDY]: MySQl handler 1 accepted!
[15-11-2024 04:00:48]: [HANDY]: Updatetext geladen!
[15-11-2024 04:00:48]: [HANDY]: MySQl handler 1 accepted!
[16-11-2024 04:00:36]: [HANDY]: Updatetext geladen!
[16-11-2024 04:00:36]: [HANDY]: MySQl handler 1 accepted!
[17-11-2024 04:00:24]: [HANDY]: Updatetext geladen!
[17-11-2024 04:00:24]: [HANDY]: MySQl handler 1 accepted!
[18-11-2024 04:00:12]: [HANDY]: Updatetext geladen!
[18-11-2024 04:00:12]: [HANDY]: MySQl handler 1 accepted!
[19-11-2024 04:00:50]: [HANDY]: Updatetext geladen!
[19-11-2024 04:00:50]: [HANDY]: MySQl handler 1 accepted!
[20-11-2024 04:00:37]: [HANDY]: Updatetext geladen!
[20-11-2024 04:00:37]: [HANDY]: MySQl handler 1 accepted!
[21-11-2024 04:00:25]: [HANDY]: Updatetext geladen!
[21-11-2024 04:00:25]: [HANDY]: MySQl handler 1 accepted!
[22-11-2024 04:00:13]: [HANDY]: Updatetext geladen!
[22-11-2024 04:00:13]: [HANDY]: MySQl handler 1 accepted!
[23-11-2024 04:00:51]: [HANDY]: Updatetext geladen!
[23-11-2024 04:00:51]: [HANDY]: MySQl handler 1 accepted!
[24-11-2024 04:00:39]: [HANDY]: Updatetext geladen!
[24-11-2024 04:00:39]: [HANDY]: MySQl handler 1 accepted!
[25-11-2024 04:00:27]: [HANDY]: Updatetext geladen!
[25-11-2024 04:00:27]: [HANDY]: MySQl handler 1 accepted!
[26-11-2024 04:00:14]: [HANDY]: Updatetext geladen!
[26-11-2024 04:00:14]: [HANDY]: MySQl handler 1 accepted!
[27-11-2024 04:00:53]: [HANDY]: Updatetext geladen!
[27-11-2024 04:00:53]: [HANDY]: MySQl handler 1 accepted!
[28-11-2024 04:00:41]: [HANDY]: Updatetext geladen!
[28-11-2024 04:00:41]: [HANDY]: MySQl handler 1 accepted!
[29-11-2024 04:00:29]: [HANDY]: Updatetext geladen!
[29-11-2024 04:00:29]: [HANDY]: MySQl handler 1 accepted!
[30-11-2024 04:00:17]: [HANDY]: Updatetext geladen!
[30-11-2024 04:00:17]: [HANDY]: MySQl handler 1 accepted!
[01-12-2024 04:00:06]: [HANDY]: Updatetext geladen!
[01-12-2024 04:00:06]: [HANDY]: MySQl handler 1 accepted!
[01-12-2024 04:00:57]: [HANDY]: Updatetext geladen!
[01-12-2024 04:00:57]: [HANDY]: MySQl handler 1 accepted!
[02-12-2024 04:00:45]: [HANDY]: Updatetext geladen!
[02-12-2024 04:00:45]: [HANDY]: MySQl handler 1 accepted!
[03-12-2024 04:00:34]: [HANDY]: Updatetext geladen!
[03-12-2024 04:00:34]: [HANDY]: MySQl handler 1 accepted!
[04-12-2024 04:00:21]: [HANDY]: Updatetext geladen!
[04-12-2024 04:00:21]: [HANDY]: MySQl handler 1 accepted!
[05-12-2024 04:00:10]: [HANDY]: Updatetext geladen!
[05-12-2024 04:00:10]: [HANDY]: MySQl handler 1 accepted!
[05-12-2024 04:01:01]: [HANDY]: Updatetext geladen!
[05-12-2024 04:01:01]: [HANDY]: MySQl handler 1 accepted!
[06-12-2024 04:00:48]: [HANDY]: Updatetext geladen!
[06-12-2024 04:00:48]: [HANDY]: MySQl handler 1 accepted!
[07-12-2024 04:00:36]: [HANDY]: Updatetext geladen!
[07-12-2024 04:00:36]: [HANDY]: MySQl handler 1 accepted!
[08-12-2024 04:00:24]: [HANDY]: Updatetext geladen!
[08-12-2024 04:00:24]: [HANDY]: MySQl handler 1 accepted!
[09-12-2024 04:00:12]: [HANDY]: Updatetext geladen!
[09-12-2024 04:00:12]: [HANDY]: MySQl handler 1 accepted!
[10-12-2024 04:00:50]: [HANDY]: Updatetext geladen!
[10-12-2024 04:00:50]: [HANDY]: MySQl handler 1 accepted!
[11-12-2024 04:00:38]: [HANDY]: Updatetext geladen!
[11-12-2024 04:00:38]: [HANDY]: MySQl handler 1 accepted!
[12-12-2024 04:00:26]: [HANDY]: Updatetext geladen!
[12-12-2024 04:00:26]: [HANDY]: MySQl handler 1 accepted!
[13-12-2024 04:00:13]: [HANDY]: Updatetext geladen!
[13-12-2024 04:00:13]: [HANDY]: MySQl handler 1 accepted!
[14-12-2024 04:00:52]: [HANDY]: Updatetext geladen!
[14-12-2024 04:00:52]: [HANDY]: MySQl handler 1 accepted!
[19-07-2025 18:23:02]: [HANDY]: Updatetext geladen!
[19-07-2025 18:23:02]: [HANDY]: MySQl handler 1 accepted!
[19-07-2025 18:24:17]: [HANDY]: Updatetext geladen!
[19-07-2025 18:24:17]: [HANDY]: MySQl handler 1 accepted!
[22-08-2025 16:41:59]: [HANDY]: Updatetext geladen!
[22-08-2025 16:41:59]: [HANDY]: MySQl handler 1 accepted!
[23-08-2025 04:00:36]: [HANDY]: Updatetext geladen!
[23-08-2025 04:00:36]: [HANDY]: MySQl handler 1 accepted!
[23-08-2025 07:26:28]: [HANDY]: Updatetext geladen!
[23-08-2025 07:26:28]: [HANDY]: MySQl handler 1 accepted!
[24-08-2025 08:07:13]: [HANDY]: Updatetext geladen!
[24-08-2025 08:07:13]: [HANDY]: MySQl handler 1 accepted!
[24-08-2025 08:08:18]: [HANDY]: Updatetext geladen!
[24-08-2025 08:08:18]: [HANDY]: MySQl handler 1 accepted!
[24-08-2025 08:29:22]: [HANDY]: Updatetext geladen!
[24-08-2025 08:29:22]: [HANDY]: MySQl handler 1 accepted!
[24-08-2025 08:29:59]: [HANDY]: Updatetext geladen!
[24-08-2025 08:29:59]: [HANDY]: MySQl handler 1 accepted!
[24-08-2025 08:32:59]: [HANDY]: Updatetext geladen!
[24-08-2025 08:32:59]: [HANDY]: MySQl handler 1 accepted!
[24-08-2025 08:35:32]: [HANDY]: Updatetext geladen!
[24-08-2025 08:35:32]: [HANDY]: MySQl handler 1 accepted!
[24-08-2025 08:51:10]: [HANDY]: Updatetext geladen!
[24-08-2025 08:51:10]: [HANDY]: MySQl handler 1 accepted!
[24-08-2025 09:10:43]: [HANDY]: Updatetext geladen!
[24-08-2025 09:10:43]: [HANDY]: MySQl handler 1 accepted!
[24-08-2025 09:14:45]: [HANDY]: Updatetext geladen!
[24-08-2025 09:14:45]: [HANDY]: MySQl handler 1 accepted!
[24-08-2025 09:16:38]: [HANDY]: Updatetext geladen!
[24-08-2025 09:16:38]: [HANDY]: MySQl handler 1 accepted!
[24-08-2025 09:17:07]: [HANDY]: Updatetext geladen!
[24-08-2025 09:17:07]: [HANDY]: MySQl handler 1 accepted!
[24-08-2025 09:18:18]: [HANDY]: Updatetext geladen!
[24-08-2025 09:18:18]: [HANDY]: MySQl handler 1 accepted!
[24-08-2025 09:26:17]: [HANDY]: Updatetext geladen!
[24-08-2025 09:26:17]: [HANDY]: MySQl handler 1 accepted!
[25-08-2025 04:00:06]: [HANDY]: Updatetext geladen!
[25-08-2025 04:00:06]: [HANDY]: MySQl handler 1 accepted!
[25-08-2025 04:00:57]: [HANDY]: Updatetext geladen!
[25-08-2025 04:00:57]: [HANDY]: MySQl handler 1 accepted!
[25-08-2025 09:09:59]: [HANDY]: Updatetext geladen!
[25-08-2025 09:09:59]: [HANDY]: MySQl handler 1 accepted!
[25-08-2025 10:56:08]: [HANDY]: Updatetext geladen!
[25-08-2025 10:56:08]: [HANDY]: MySQl handler 1 accepted!
[25-08-2025 11:10:46]: [HANDY]: Updatetext geladen!
[25-08-2025 11:10:46]: [HANDY]: MySQl handler 1 accepted!
[25-08-2025 19:56:58]: [HANDY]: Updatetext geladen!
[25-08-2025 19:56:58]: [HANDY]: MySQl handler 1 accepted!
[25-08-2025 20:05:11]: [HANDY]: Updatetext geladen!
[25-08-2025 20:05:11]: [HANDY]: MySQl handler 1 accepted!
[25-08-2025 20:11:49]: [HANDY]: Updatetext geladen!
[25-08-2025 20:11:49]: [HANDY]: MySQl handler 1 accepted!
[25-08-2025 20:13:15]: [HANDY]: Updatetext geladen!
[25-08-2025 20:13:15]: [HANDY]: MySQl handler 1 accepted!
[25-08-2025 20:16:32]: [HANDY]: Updatetext geladen!
[25-08-2025 20:16:32]: [HANDY]: MySQl handler 1 accepted!
[25-08-2025 20:17:55]: [HANDY]: Updatetext geladen!
[25-08-2025 20:17:55]: [HANDY]: MySQl handler 1 accepted!
[25-08-2025 20:20:22]: [HANDY]: Updatetext geladen!
[25-08-2025 20:20:22]: [HANDY]: MySQl handler 1 accepted!
[26-08-2025 07:06:39]: [HANDY]: Updatetext geladen!
[26-08-2025 07:06:39]: [HANDY]: MySQl handler 1 accepted!
[26-08-2025 07:36:46]: [HANDY]: Updatetext geladen!
[26-08-2025 07:36:46]: [HANDY]: MySQl handler 1 accepted!
[26-08-2025 08:51:58]: [HANDY]: Updatetext geladen!
[26-08-2025 08:51:58]: [HANDY]: MySQl handler 1 accepted!
[26-08-2025 09:25:12]: [HANDY]: Updatetext geladen!
[26-08-2025 09:25:12]: [HANDY]: MySQl handler 1 accepted!
[27-08-2025 04:00:39]: [HANDY]: Updatetext geladen!
[27-08-2025 04:00:39]: [HANDY]: MySQl handler 1 accepted!
[28-08-2025 04:00:29]: [HANDY]: Updatetext geladen!
[28-08-2025 04:00:29]: [HANDY]: MySQl handler 1 accepted!
[29-08-2025 04:00:19]: [HANDY]: Updatetext geladen!
[29-08-2025 04:00:19]: [HANDY]: MySQl handler 1 accepted!
[30-08-2025 04:00:06]: [HANDY]: Updatetext geladen!
[30-08-2025 04:00:06]: [HANDY]: MySQl handler 1 accepted!
[30-08-2025 04:00:57]: [HANDY]: Updatetext geladen!
[30-08-2025 04:00:57]: [HANDY]: MySQl handler 1 accepted!
[31-08-2025 04:00:43]: [HANDY]: Updatetext geladen!
[31-08-2025 04:00:43]: [HANDY]: MySQl handler 1 accepted!
[01-09-2025 04:00:31]: [HANDY]: Updatetext geladen!
[01-09-2025 04:00:31]: [HANDY]: MySQl handler 1 accepted!
[02-09-2025 04:00:15]: [HANDY]: Updatetext geladen!
[02-09-2025 04:00:15]: [HANDY]: MySQl handler 1 accepted!
[03-09-2025 04:00:04]: [HANDY]: Updatetext geladen!
[03-09-2025 04:00:04]: [HANDY]: MySQl handler 1 accepted!
[03-09-2025 04:00:56]: [HANDY]: Updatetext geladen!
[03-09-2025 04:00:56]: [HANDY]: MySQl handler 1 accepted!
[04-09-2025 04:00:43]: [HANDY]: Updatetext geladen!
[04-09-2025 04:00:43]: [HANDY]: MySQl handler 1 accepted!
[05-09-2025 04:00:27]: [HANDY]: Updatetext geladen!
[05-09-2025 04:00:27]: [HANDY]: MySQl handler 1 accepted!
[06-09-2025 04:00:11]: [HANDY]: Updatetext geladen!
[06-09-2025 04:00:11]: [HANDY]: MySQl handler 1 accepted!
[07-09-2025 04:00:44]: [HANDY]: Updatetext geladen!
[07-09-2025 04:00:44]: [HANDY]: MySQl handler 1 accepted!
[08-09-2025 04:00:24]: [HANDY]: Updatetext geladen!
[08-09-2025 04:00:24]: [HANDY]: MySQl handler 1 accepted!
[09-09-2025 04:00:06]: [HANDY]: Updatetext geladen!
[09-09-2025 04:00:06]: [HANDY]: MySQl handler 1 accepted!
[09-09-2025 04:00:58]: [HANDY]: Updatetext geladen!
[09-09-2025 04:00:58]: [HANDY]: MySQl handler 1 accepted!
[10-09-2025 04:00:39]: [HANDY]: Updatetext geladen!
[10-09-2025 04:00:39]: [HANDY]: MySQl handler 1 accepted!
[11-09-2025 04:00:21]: [HANDY]: Updatetext geladen!
[11-09-2025 04:00:21]: [HANDY]: MySQl handler 1 accepted!
[12-09-2025 04:00:08]: [HANDY]: Updatetext geladen!
[12-09-2025 04:00:08]: [HANDY]: MySQl handler 1 accepted!
[12-09-2025 04:00:59]: [HANDY]: Updatetext geladen!
[12-09-2025 04:00:59]: [HANDY]: MySQl handler 1 accepted!
[13-09-2025 04:00:47]: [HANDY]: Updatetext geladen!
[13-09-2025 04:00:47]: [HANDY]: MySQl handler 1 accepted!
[14-09-2025 04:00:34]: [HANDY]: Updatetext geladen!
[14-09-2025 04:00:34]: [HANDY]: MySQl handler 1 accepted!
[15-09-2025 04:00:22]: [HANDY]: Updatetext geladen!
[15-09-2025 04:00:22]: [HANDY]: MySQl handler 1 accepted!
[16-09-2025 04:00:10]: [HANDY]: Updatetext geladen!
[16-09-2025 04:00:10]: [HANDY]: MySQl handler 1 accepted!
[16-09-2025 04:01:02]: [HANDY]: Updatetext geladen!
[16-09-2025 04:01:02]: [HANDY]: MySQl handler 1 accepted!
[17-09-2025 04:00:49]: [HANDY]: Updatetext geladen!
[17-09-2025 04:00:49]: [HANDY]: MySQl handler 1 accepted!
[18-09-2025 04:00:36]: [HANDY]: Updatetext geladen!
[18-09-2025 04:00:36]: [HANDY]: MySQl handler 1 accepted!
[19-09-2025 04:00:23]: [HANDY]: Updatetext geladen!
[19-09-2025 04:00:23]: [HANDY]: MySQl handler 1 accepted!
[20-09-2025 04:00:09]: [HANDY]: Updatetext geladen!
[20-09-2025 04:00:09]: [HANDY]: MySQl handler 1 accepted!
[20-09-2025 04:01:01]: [HANDY]: Updatetext geladen!
[20-09-2025 04:01:01]: [HANDY]: MySQl handler 1 accepted!
[21-09-2025 04:00:48]: [HANDY]: Updatetext geladen!
[21-09-2025 04:00:48]: [HANDY]: MySQl handler 1 accepted!
[22-09-2025 04:00:35]: [HANDY]: Updatetext geladen!
[22-09-2025 04:00:35]: [HANDY]: MySQl handler 1 accepted!
[23-09-2025 04:00:21]: [HANDY]: Updatetext geladen!
[23-09-2025 04:00:21]: [HANDY]: MySQl handler 1 accepted!
[24-09-2025 04:00:07]: [HANDY]: Updatetext geladen!
[24-09-2025 04:00:07]: [HANDY]: MySQl handler 1 accepted!
[24-09-2025 04:00:59]: [HANDY]: Updatetext geladen!
[24-09-2025 04:00:59]: [HANDY]: MySQl handler 1 accepted!
[25-09-2025 04:00:43]: [HANDY]: Updatetext geladen!
[25-09-2025 04:00:43]: [HANDY]: MySQl handler 1 accepted!
[26-09-2025 04:00:28]: [HANDY]: Updatetext geladen!
[26-09-2025 04:00:28]: [HANDY]: MySQl handler 1 accepted!
[27-09-2025 04:00:12]: [HANDY]: Updatetext geladen!
[27-09-2025 04:00:12]: [HANDY]: MySQl handler 1 accepted!
[28-09-2025 04:00:47]: [HANDY]: Updatetext geladen!
[28-09-2025 04:00:47]: [HANDY]: MySQl handler 1 accepted!
[29-09-2025 04:00:31]: [HANDY]: Updatetext geladen!
[29-09-2025 04:00:31]: [HANDY]: MySQl handler 1 accepted!
[30-09-2025 04:00:16]: [HANDY]: Updatetext geladen!
[30-09-2025 04:00:16]: [HANDY]: MySQl handler 1 accepted!
[01-10-2025 04:00:52]: [HANDY]: Updatetext geladen!
[01-10-2025 04:00:52]: [HANDY]: MySQl handler 1 accepted!
[02-10-2025 04:00:36]: [HANDY]: Updatetext geladen!
[02-10-2025 04:00:36]: [HANDY]: MySQl handler 1 accepted!
[03-10-2025 04:00:21]: [HANDY]: Updatetext geladen!
[03-10-2025 04:00:21]: [HANDY]: MySQl handler 1 accepted!
[04-10-2025 04:00:07]: [HANDY]: Updatetext geladen!
[04-10-2025 04:00:07]: [HANDY]: MySQl handler 1 accepted!
[04-10-2025 04:00:59]: [HANDY]: Updatetext geladen!
[04-10-2025 04:00:59]: [HANDY]: MySQl handler 1 accepted!
[05-10-2025 04:00:45]: [HANDY]: Updatetext geladen!
[05-10-2025 04:00:45]: [HANDY]: MySQl handler 1 accepted!
[06-10-2025 04:00:30]: [HANDY]: Updatetext geladen!
[06-10-2025 04:00:30]: [HANDY]: MySQl handler 1 accepted!
[07-10-2025 04:00:17]: [HANDY]: Updatetext geladen!
[07-10-2025 04:00:17]: [HANDY]: MySQl handler 1 accepted!
[08-10-2025 04:00:03]: [HANDY]: Updatetext geladen!
[08-10-2025 04:00:03]: [HANDY]: MySQl handler 1 accepted!
[08-10-2025 04:00:54]: [HANDY]: Updatetext geladen!
[08-10-2025 04:00:54]: [HANDY]: MySQl handler 1 accepted!
[09-10-2025 04:00:40]: [HANDY]: Updatetext geladen!
[09-10-2025 04:00:40]: [HANDY]: MySQl handler 1 accepted!
[10-10-2025 04:00:28]: [HANDY]: Updatetext geladen!
[10-10-2025 04:00:28]: [HANDY]: MySQl handler 1 accepted!
[11-10-2025 04:00:14]: [HANDY]: Updatetext geladen!
[11-10-2025 04:00:14]: [HANDY]: MySQl handler 1 accepted!
[12-10-2025 04:00:50]: [HANDY]: Updatetext geladen!
[12-10-2025 04:00:50]: [HANDY]: MySQl handler 1 accepted!
[13-10-2025 04:00:37]: [HANDY]: Updatetext geladen!
[13-10-2025 04:00:37]: [HANDY]: MySQl handler 1 accepted!
[14-10-2025 04:00:24]: [HANDY]: Updatetext geladen!
[14-10-2025 04:00:24]: [HANDY]: MySQl handler 1 accepted!
[15-10-2025 04:00:10]: [HANDY]: Updatetext geladen!
[15-10-2025 04:00:10]: [HANDY]: MySQl handler 1 accepted!
[15-10-2025 04:01:01]: [HANDY]: Updatetext geladen!
[15-10-2025 04:01:01]: [HANDY]: MySQl handler 1 accepted!
[16-10-2025 04:00:48]: [HANDY]: Updatetext geladen!
[16-10-2025 04:00:48]: [HANDY]: MySQl handler 1 accepted!
[17-10-2025 04:00:35]: [HANDY]: Updatetext geladen!
[17-10-2025 04:00:35]: [HANDY]: MySQl handler 1 accepted!
[18-10-2025 04:00:22]: [HANDY]: Updatetext geladen!
[18-10-2025 04:00:22]: [HANDY]: MySQl handler 1 accepted!
[19-10-2025 04:00:09]: [HANDY]: Updatetext geladen!
[19-10-2025 04:00:09]: [HANDY]: MySQl handler 1 accepted!
[19-10-2025 04:00:60]: [HANDY]: Updatetext geladen!
[19-10-2025 04:00:60]: [HANDY]: MySQl handler 1 accepted!
[20-10-2025 04:00:45]: [HANDY]: Updatetext geladen!
[20-10-2025 04:00:45]: [HANDY]: MySQl handler 1 accepted!
[21-10-2025 04:00:31]: [HANDY]: Updatetext geladen!
[21-10-2025 04:00:31]: [HANDY]: MySQl handler 1 accepted!
[22-10-2025 04:00:16]: [HANDY]: Updatetext geladen!
[22-10-2025 04:00:16]: [HANDY]: MySQl handler 1 accepted!
[23-10-2025 04:00:51]: [HANDY]: Updatetext geladen!
[23-10-2025 04:00:51]: [HANDY]: MySQl handler 1 accepted!
[24-10-2025 04:00:34]: [HANDY]: Updatetext geladen!
[24-10-2025 04:00:34]: [HANDY]: MySQl handler 1 accepted!
[25-10-2025 04:00:20]: [HANDY]: Updatetext geladen!
[25-10-2025 04:00:20]: [HANDY]: MySQl handler 1 accepted!
[26-10-2025 04:00:05]: [HANDY]: Updatetext geladen!
[26-10-2025 04:00:05]: [HANDY]: MySQl handler 1 accepted!
[26-10-2025 04:00:56]: [HANDY]: Updatetext geladen!
[26-10-2025 04:00:56]: [HANDY]: MySQl handler 1 accepted!
[27-10-2025 04:00:42]: [HANDY]: Updatetext geladen!
[27-10-2025 04:00:42]: [HANDY]: MySQl handler 1 accepted!
[28-10-2025 04:00:26]: [HANDY]: Updatetext geladen!
[28-10-2025 04:00:26]: [HANDY]: MySQl handler 1 accepted!
[29-10-2025 04:00:11]: [HANDY]: Updatetext geladen!
[29-10-2025 04:00:11]: [HANDY]: MySQl handler 1 accepted!
[30-10-2025 04:00:45]: [HANDY]: Updatetext geladen!
[30-10-2025 04:00:45]: [HANDY]: MySQl handler 1 accepted!
[31-10-2025 04:00:28]: [HANDY]: Updatetext geladen!
[31-10-2025 04:00:28]: [HANDY]: MySQl handler 1 accepted!
[01-11-2025 04:00:12]: [HANDY]: Updatetext geladen!
[01-11-2025 04:00:12]: [HANDY]: MySQl handler 1 accepted!
[02-11-2025 04:00:46]: [HANDY]: Updatetext geladen!
[02-11-2025 04:00:46]: [HANDY]: MySQl handler 1 accepted!
[03-11-2025 04:00:34]: [HANDY]: Updatetext geladen!
[03-11-2025 04:00:34]: [HANDY]: MySQl handler 1 accepted!
[04-11-2025 04:00:18]: [HANDY]: Updatetext geladen!
[04-11-2025 04:00:18]: [HANDY]: MySQl handler 1 accepted!
[05-11-2025 04:00:02]: [HANDY]: Updatetext geladen!
[05-11-2025 04:00:02]: [HANDY]: MySQl handler 1 accepted!
[05-11-2025 04:00:53]: [HANDY]: Updatetext geladen!
[05-11-2025 04:00:53]: [HANDY]: MySQl handler 1 accepted!
[06-11-2025 04:00:37]: [HANDY]: Updatetext geladen!
[06-11-2025 04:00:37]: [HANDY]: MySQl handler 1 accepted!
[07-11-2025 04:00:21]: [HANDY]: Updatetext geladen!
[07-11-2025 04:00:21]: [HANDY]: MySQl handler 1 accepted!
[08-11-2025 04:00:04]: [HANDY]: Updatetext geladen!
[08-11-2025 04:00:04]: [HANDY]: MySQl handler 1 accepted!
[08-11-2025 04:00:55]: [HANDY]: Updatetext geladen!
[08-11-2025 04:00:55]: [HANDY]: MySQl handler 1 accepted!
[09-11-2025 04:00:38]: [HANDY]: Updatetext geladen!
[09-11-2025 04:00:38]: [HANDY]: MySQl handler 1 accepted!
[10-11-2025 04:00:21]: [HANDY]: Updatetext geladen!
[10-11-2025 04:00:21]: [HANDY]: MySQl handler 1 accepted!
[11-11-2025 04:00:03]: [HANDY]: Updatetext geladen!
[11-11-2025 04:00:03]: [HANDY]: MySQl handler 1 accepted!
[11-11-2025 04:00:54]: [HANDY]: Updatetext geladen!
[11-11-2025 04:00:54]: [HANDY]: MySQl handler 1 accepted!
[12-11-2025 04:00:37]: [HANDY]: Updatetext geladen!
[12-11-2025 04:00:37]: [HANDY]: MySQl handler 1 accepted!
[13-11-2025 04:00:20]: [HANDY]: Updatetext geladen!
[13-11-2025 04:00:20]: [HANDY]: MySQl handler 1 accepted!
[14-11-2025 04:00:06]: [HANDY]: Updatetext geladen!
[14-11-2025 04:00:06]: [HANDY]: MySQl handler 1 accepted!
[14-11-2025 04:00:57]: [HANDY]: Updatetext geladen!
[14-11-2025 04:00:57]: [HANDY]: MySQl handler 1 accepted!
[15-11-2025 04:00:42]: [HANDY]: Updatetext geladen!
[15-11-2025 04:00:42]: [HANDY]: MySQl handler 1 accepted!
[16-11-2025 04:00:27]: [HANDY]: Updatetext geladen!
[16-11-2025 04:00:27]: [HANDY]: MySQl handler 1 accepted!
[17-11-2025 04:00:12]: [HANDY]: Updatetext geladen!
[17-11-2025 04:00:12]: [HANDY]: MySQl handler 1 accepted!
[18-11-2025 04:00:45]: [HANDY]: Updatetext geladen!
[18-11-2025 04:00:45]: [HANDY]: MySQl handler 1 accepted!
[19-11-2025 04:00:33]: [HANDY]: Updatetext geladen!
[19-11-2025 04:00:33]: [HANDY]: MySQl handler 1 accepted!
[20-11-2025 04:00:21]: [HANDY]: Updatetext geladen!
[20-11-2025 04:00:21]: [HANDY]: MySQl handler 1 accepted!
[21-11-2025 04:00:10]: [HANDY]: Updatetext geladen!
[21-11-2025 04:00:10]: [HANDY]: MySQl handler 1 accepted!
[21-11-2025 04:01:01]: [HANDY]: Updatetext geladen!
[21-11-2025 04:01:01]: [HANDY]: MySQl handler 1 accepted!
[22-11-2025 04:00:49]: [HANDY]: Updatetext geladen!
[22-11-2025 04:00:49]: [HANDY]: MySQl handler 1 accepted!
[23-11-2025 04:00:38]: [HANDY]: Updatetext geladen!
[23-11-2025 04:00:38]: [HANDY]: MySQl handler 1 accepted!
[24-11-2025 04:00:25]: [HANDY]: Updatetext geladen!
[24-11-2025 04:00:25]: [HANDY]: MySQl handler 1 accepted!
[25-11-2025 04:00:14]: [HANDY]: Updatetext geladen!
[25-11-2025 04:00:14]: [HANDY]: MySQl handler 1 accepted!
[26-11-2025 04:00:03]: [HANDY]: Updatetext geladen!
[26-11-2025 04:00:03]: [HANDY]: MySQl handler 1 accepted!
[26-11-2025 04:00:54]: [HANDY]: Updatetext geladen!
[26-11-2025 04:00:54]: [HANDY]: MySQl handler 1 accepted!
[27-11-2025 04:00:43]: [HANDY]: Updatetext geladen!
[27-11-2025 04:00:43]: [HANDY]: MySQl handler 1 accepted!
[28-11-2025 04:00:31]: [HANDY]: Updatetext geladen!
[28-11-2025 04:00:31]: [HANDY]: MySQl handler 1 accepted!
[29-11-2025 04:00:19]: [HANDY]: Updatetext geladen!
[29-11-2025 04:00:19]: [HANDY]: MySQl handler 1 accepted!
[30-11-2025 04:00:07]: [HANDY]: Updatetext geladen!
[30-11-2025 04:00:07]: [HANDY]: MySQl handler 1 accepted!
[30-11-2025 04:00:58]: [HANDY]: Updatetext geladen!
[30-11-2025 04:00:58]: [HANDY]: MySQl handler 1 accepted!
[01-12-2025 04:00:47]: [HANDY]: Updatetext geladen!
[01-12-2025 04:00:47]: [HANDY]: MySQl handler 1 accepted!
[02-12-2025 04:00:34]: [HANDY]: Updatetext geladen!
[02-12-2025 04:00:34]: [HANDY]: MySQl handler 1 accepted!
[03-12-2025 04:00:21]: [HANDY]: Updatetext geladen!
[03-12-2025 04:00:21]: [HANDY]: MySQl handler 1 accepted!
[04-12-2025 04:00:06]: [HANDY]: Updatetext geladen!
[04-12-2025 04:00:06]: [HANDY]: MySQl handler 1 accepted!
[04-12-2025 04:00:58]: [HANDY]: Updatetext geladen!
[04-12-2025 04:00:58]: [HANDY]: MySQl handler 1 accepted!
[05-12-2025 04:00:44]: [HANDY]: Updatetext geladen!
[05-12-2025 04:00:44]: [HANDY]: MySQl handler 1 accepted!
[06-12-2025 04:00:29]: [HANDY]: Updatetext geladen!
[06-12-2025 04:00:29]: [HANDY]: MySQl handler 1 accepted!
[07-12-2025 04:00:14]: [HANDY]: Updatetext geladen!
[07-12-2025 04:00:14]: [HANDY]: MySQl handler 1 accepted!
[08-12-2025 04:00:51]: [HANDY]: Updatetext geladen!
[08-12-2025 04:00:51]: [HANDY]: MySQl handler 1 accepted!
[09-12-2025 04:00:37]: [HANDY]: Updatetext geladen!
[09-12-2025 04:00:37]: [HANDY]: MySQl handler 1 accepted!
[10-12-2025 04:00:24]: [HANDY]: Updatetext geladen!
[10-12-2025 04:00:24]: [HANDY]: MySQl handler 1 accepted!
[11-12-2025 04:00:16]: [HANDY]: Updatetext geladen!
[11-12-2025 04:00:16]: [HANDY]: MySQl handler 1 accepted!
[12-12-2025 04:00:05]: [HANDY]: Updatetext geladen!
[12-12-2025 04:00:05]: [HANDY]: MySQl handler 1 accepted!
[12-12-2025 04:00:57]: [HANDY]: Updatetext geladen!
[12-12-2025 04:00:57]: [HANDY]: MySQl handler 1 accepted!
[13-12-2025 04:00:47]: [HANDY]: Updatetext geladen!
[13-12-2025 04:00:47]: [HANDY]: MySQl handler 1 accepted!
[14-12-2025 04:00:40]: [HANDY]: Updatetext geladen!
[14-12-2025 04:00:40]: [HANDY]: MySQl handler 1 accepted!
[15-12-2025 04:00:35]: [HANDY]: Updatetext geladen!
[15-12-2025 04:00:35]: [HANDY]: MySQl handler 1 accepted!
[16-12-2025 04:00:29]: [HANDY]: Updatetext geladen!
[16-12-2025 04:00:29]: [HANDY]: MySQl handler 1 accepted!
[17-12-2025 04:00:23]: [HANDY]: Updatetext geladen!
[17-12-2025 04:00:23]: [HANDY]: MySQl handler 1 accepted!
[18-12-2025 04:00:11]: [HANDY]: Updatetext geladen!
[18-12-2025 04:00:11]: [HANDY]: MySQl handler 1 accepted!
[19-12-2025 04:00:50]: [HANDY]: Updatetext geladen!
[19-12-2025 04:00:50]: [HANDY]: MySQl handler 1 accepted!
[20-12-2025 04:00:37]: [HANDY]: Updatetext geladen!
[20-12-2025 04:00:37]: [HANDY]: MySQl handler 1 accepted!
[21-12-2025 04:00:25]: [HANDY]: Updatetext geladen!
[21-12-2025 04:00:25]: [HANDY]: MySQl handler 1 accepted!
[22-12-2025 04:00:14]: [HANDY]: Updatetext geladen!
[22-12-2025 04:00:14]: [HANDY]: MySQl handler 1 accepted!
[23-12-2025 04:00:51]: [HANDY]: Updatetext geladen!
[23-12-2025 04:00:51]: [HANDY]: MySQl handler 1 accepted!
[24-12-2025 04:00:39]: [HANDY]: Updatetext geladen!
[24-12-2025 04:00:39]: [HANDY]: MySQl handler 1 accepted!
[25-12-2025 04:00:26]: [HANDY]: Updatetext geladen!
[25-12-2025 04:00:26]: [HANDY]: MySQl handler 1 accepted!
[26-12-2025 04:00:14]: [HANDY]: Updatetext geladen!
[26-12-2025 04:00:14]: [HANDY]: MySQl handler 1 accepted!
[27-12-2025 04:00:51]: [HANDY]: Updatetext geladen!
[27-12-2025 04:00:51]: [HANDY]: MySQl handler 1 accepted!
[28-12-2025 04:00:39]: [HANDY]: Updatetext geladen!
[28-12-2025 04:00:39]: [HANDY]: MySQl handler 1 accepted!
[29-12-2025 04:00:28]: [HANDY]: Updatetext geladen!
[29-12-2025 04:00:28]: [HANDY]: MySQl handler 1 accepted!
[30-12-2025 04:00:16]: [HANDY]: Updatetext geladen!
[30-12-2025 04:00:16]: [HANDY]: MySQl handler 1 accepted!
[31-12-2025 04:00:03]: [HANDY]: Updatetext geladen!
[31-12-2025 04:00:03]: [HANDY]: MySQl handler 1 accepted!
[31-12-2025 04:00:54]: [HANDY]: Updatetext geladen!
[31-12-2025 04:00:54]: [HANDY]: MySQl handler 1 accepted!
[01-01-2026 04:00:41]: [HANDY]: Updatetext geladen!
[01-01-2026 04:00:41]: [HANDY]: MySQl handler 1 accepted!
[02-01-2026 04:00:28]: [HANDY]: Updatetext geladen!
[02-01-2026 04:00:28]: [HANDY]: MySQl handler 1 accepted!
[03-01-2026 04:00:15]: [HANDY]: Updatetext geladen!
[03-01-2026 04:00:15]: [HANDY]: MySQl handler 1 accepted!
[04-01-2026 04:00:03]: [HANDY]: Updatetext geladen!
[04-01-2026 04:00:03]: [HANDY]: MySQl handler 1 accepted!
[04-01-2026 04:00:54]: [HANDY]: Updatetext geladen!
[04-01-2026 04:00:54]: [HANDY]: MySQl handler 1 accepted!
[05-01-2026 04:00:38]: [HANDY]: Updatetext geladen!
[05-01-2026 04:00:38]: [HANDY]: MySQl handler 1 accepted!
[06-01-2026 04:00:25]: [HANDY]: Updatetext geladen!
[06-01-2026 04:00:25]: [HANDY]: MySQl handler 1 accepted!
[07-01-2026 04:00:14]: [HANDY]: Updatetext geladen!
[07-01-2026 04:00:14]: [HANDY]: MySQl handler 1 accepted!
[08-01-2026 04:00:02]: [HANDY]: Updatetext geladen!
[08-01-2026 04:00:02]: [HANDY]: MySQl handler 1 accepted!
[08-01-2026 04:00:53]: [HANDY]: Updatetext geladen!
[08-01-2026 04:00:53]: [HANDY]: MySQl handler 1 accepted!
[09-01-2026 04:00:40]: [HANDY]: Updatetext geladen!
[09-01-2026 04:00:40]: [HANDY]: MySQl handler 1 accepted!
[10-01-2026 04:00:27]: [HANDY]: Updatetext geladen!
[10-01-2026 04:00:27]: [HANDY]: MySQl handler 1 accepted!
